Archive member included to satisfy reference by file (symbol)

c:/program files (x86)/atmel/studio/7.0/toolchain/avr8/avr8-gnu-toolchain/bin/../lib/gcc/avr/5.4.0/avr5\libgcc.a(_udivmodsi4.o)
                              systime.o (__udivmodsi4)
c:/program files (x86)/atmel/studio/7.0/toolchain/avr8/avr8-gnu-toolchain/bin/../lib/gcc/avr/5.4.0/avr5\libgcc.a(_exit.o)
                              C:/Program Files (x86)/Atmel/Studio/7.0/Packs/atmel/ATmega_DFP/1.3.300/gcc/dev/atmega328pb/avr5/crtatmega328pb.o (exit)
c:/program files (x86)/atmel/studio/7.0/toolchain/avr8/avr8-gnu-toolchain/bin/../lib/gcc/avr/5.4.0/avr5\libgcc.a(_tablejump2.o)
                              ugui.o (__tablejump2__)
c:/program files (x86)/atmel/studio/7.0/toolchain/avr8/avr8-gnu-toolchain/bin/../lib/gcc/avr/5.4.0/avr5\libgcc.a(_copy_data.o)
                              GuiHandler.o (__do_copy_data)
c:/program files (x86)/atmel/studio/7.0/toolchain/avr8/avr8-gnu-toolchain/bin/../lib/gcc/avr/5.4.0/avr5\libgcc.a(_clear_bss.o)
                              GuiHandler.o (__do_clear_bss)
c:/program files (x86)/atmel/studio/7.0/toolchain/avr8/avr8-gnu-toolchain/bin/../lib/gcc/avr/5.4.0/avr5\libgcc.a(_umulhisi3.o)
                              systime.o (__umulhisi3)
c:/program files (x86)/atmel/studio/7.0/toolchain/avr8/avr8-gnu-toolchain/bin/../lib/gcc/avr/5.4.0/avr5\libgcc.a(_muluhisi3.o)
                              systime.o (__muluhisi3)
c:/program files (x86)/atmel/studio/7.0/toolchain/avr8/avr8-gnu-toolchain/bin/../lib/gcc/avr/5.4.0/../../../../avr/lib/avr5\libc.a(iob.o)
                              LCD_Ili9341.o (__iob)
c:/program files (x86)/atmel/studio/7.0/toolchain/avr8/avr8-gnu-toolchain/bin/../lib/gcc/avr/5.4.0/../../../../avr/lib/avr5\libc.a(sprintf.o)
                              GuiHandler.o (sprintf)
c:/program files (x86)/atmel/studio/7.0/toolchain/avr8/avr8-gnu-toolchain/bin/../lib/gcc/avr/5.4.0/../../../../avr/lib/avr5\libc.a(vfprintf_std.o)
                              c:/program files (x86)/atmel/studio/7.0/toolchain/avr8/avr8-gnu-toolchain/bin/../lib/gcc/avr/5.4.0/../../../../avr/lib/avr5\libc.a(sprintf.o) (vfprintf)
c:/program files (x86)/atmel/studio/7.0/toolchain/avr8/avr8-gnu-toolchain/bin/../lib/gcc/avr/5.4.0/../../../../avr/lib/avr5\libc.a(strnlen_P.o)
                              c:/program files (x86)/atmel/studio/7.0/toolchain/avr8/avr8-gnu-toolchain/bin/../lib/gcc/avr/5.4.0/../../../../avr/lib/avr5\libc.a(vfprintf_std.o) (strnlen_P)
c:/program files (x86)/atmel/studio/7.0/toolchain/avr8/avr8-gnu-toolchain/bin/../lib/gcc/avr/5.4.0/../../../../avr/lib/avr5\libc.a(strnlen.o)
                              c:/program files (x86)/atmel/studio/7.0/toolchain/avr8/avr8-gnu-toolchain/bin/../lib/gcc/avr/5.4.0/../../../../avr/lib/avr5\libc.a(vfprintf_std.o) (strnlen)
c:/program files (x86)/atmel/studio/7.0/toolchain/avr8/avr8-gnu-toolchain/bin/../lib/gcc/avr/5.4.0/../../../../avr/lib/avr5\libc.a(fputc.o)
                              c:/program files (x86)/atmel/studio/7.0/toolchain/avr8/avr8-gnu-toolchain/bin/../lib/gcc/avr/5.4.0/../../../../avr/lib/avr5\libc.a(vfprintf_std.o) (fputc)
c:/program files (x86)/atmel/studio/7.0/toolchain/avr8/avr8-gnu-toolchain/bin/../lib/gcc/avr/5.4.0/../../../../avr/lib/avr5\libc.a(ultoa_invert.o)
                              c:/program files (x86)/atmel/studio/7.0/toolchain/avr8/avr8-gnu-toolchain/bin/../lib/gcc/avr/5.4.0/../../../../avr/lib/avr5\libc.a(vfprintf_std.o) (__ultoa_invert)
c:/program files (x86)/atmel/studio/7.0/toolchain/avr8/avr8-gnu-toolchain/bin/../lib/gcc/avr/5.4.0/avr5\libgcc.a(_prologue.o)
                              c:/program files (x86)/atmel/studio/7.0/toolchain/avr8/avr8-gnu-toolchain/bin/../lib/gcc/avr/5.4.0/../../../../avr/lib/avr5\libc.a(sprintf.o) (__prologue_saves__)
c:/program files (x86)/atmel/studio/7.0/toolchain/avr8/avr8-gnu-toolchain/bin/../lib/gcc/avr/5.4.0/avr5\libgcc.a(_epilogue.o)
                              c:/program files (x86)/atmel/studio/7.0/toolchain/avr8/avr8-gnu-toolchain/bin/../lib/gcc/avr/5.4.0/../../../../avr/lib/avr5\libc.a(sprintf.o) (__epilogue_restores__)

Allocating common symbols
Common symbol       size              file

days                0x2               GuiHandler.o
temp                0x2               GuiHandler.o
ILI9341_rotation    0x1               LCD_Ili9341.o
gui                 0x43              LCD_Ili9341.o
TIME_STATUS         0x1               systime.o
__iob               0x6               c:/program files (x86)/atmel/studio/7.0/toolchain/avr8/avr8-gnu-toolchain/bin/../lib/gcc/avr/5.4.0/../../../../avr/lib/avr5\libc.a(iob.o)
systick             0x4               systime.o

Discarded input sections

 .data          0x00000000        0x0 C:/Program Files (x86)/Atmel/Studio/7.0/Packs/atmel/ATmega_DFP/1.3.300/gcc/dev/atmega328pb/avr5/crtatmega328pb.o
 .bss           0x00000000        0x0 C:/Program Files (x86)/Atmel/Studio/7.0/Packs/atmel/ATmega_DFP/1.3.300/gcc/dev/atmega328pb/avr5/crtatmega328pb.o
 .text          0x00000000        0x0 GuiHandler.o
 .data          0x00000000        0x0 GuiHandler.o
 .bss           0x00000000        0x0 GuiHandler.o
 .text          0x00000000        0x0 LCD_Ili9341.o
 .data          0x00000000        0x0 LCD_Ili9341.o
 .bss           0x00000000        0x0 LCD_Ili9341.o
 .text.ILI9341_ReadCmd8
                0x00000000       0x3a LCD_Ili9341.o
 .text.ILI9341_drawFastVLine
                0x00000000       0x74 LCD_Ili9341.o
 .text.ILI9341_drawFastHLine
                0x00000000       0x74 LCD_Ili9341.o
 .text.ILI9341_fillScreen
                0x00000000       0x28 LCD_Ili9341.o
 .text.ILI9341_invertDisplay
                0x00000000       0x10 LCD_Ili9341.o
 .text          0x00000000        0x0 main.o
 .data          0x00000000        0x0 main.o
 .bss           0x00000000        0x0 main.o
 .text          0x00000000        0x0 MMINIT.o
 .data          0x00000000        0x0 MMINIT.o
 .bss           0x00000000        0x0 MMINIT.o
 .text.LED1_On  0x00000000        0x4 MMINIT.o
 .text.LED2_On  0x00000000        0x4 MMINIT.o
 .text.LED3_On  0x00000000        0x4 MMINIT.o
 .text.LED4_On  0x00000000        0x4 MMINIT.o
 .text.LED1_Off
                0x00000000        0x6 MMINIT.o
 .text.LED2_Off
                0x00000000        0x6 MMINIT.o
 .text.LED3_Off
                0x00000000        0x6 MMINIT.o
 .text.LED4_Off
                0x00000000        0x6 MMINIT.o
 .text.LED2_Tgl
                0x00000000        0xa MMINIT.o
 .text.LED3_Tgl
                0x00000000        0xa MMINIT.o
 .text.LED4_Tgl
                0x00000000        0xa MMINIT.o
 .text.LED_SetLEDs
                0x00000000        0x8 MMINIT.o
 .text.LED_ClrLEDs
                0x00000000        0x8 MMINIT.o
 .text.is_LED1_On
                0x00000000        0x6 MMINIT.o
 .text.is_LED2_On
                0x00000000        0x6 MMINIT.o
 .text.is_LED3_On
                0x00000000        0x6 MMINIT.o
 .text.is_LED4_On
                0x00000000        0x6 MMINIT.o
 .text.is_BTN_OK_Pressed
                0x00000000        0xe MMINIT.o
 .text.is_BTN_ESC_Pressed
                0x00000000        0xe MMINIT.o
 .text.is_BTN_Pressed
                0x00000000       0x1a MMINIT.o
 .text.is_BTN_Released
                0x00000000       0x18 MMINIT.o
 .text          0x00000000        0x0 systime.o
 .data          0x00000000        0x0 systime.o
 .bss           0x00000000        0x0 systime.o
 .text.Systime_Init
                0x00000000       0x12 systime.o
 .text.GetSysTick
                0x00000000       0x18 systime.o
 .text.GetSysTick_us
                0x00000000       0x68 systime.o
 .text.Has_X_MillisecondsPassed
                0x00000000       0xd2 systime.o
 .text.Has_X_MicrosecondsPassed
                0x00000000       0xd2 systime.o
 .text.isF1msSet
                0x00000000        0xe systime.o
 .text.ClrF1ms  0x00000000       0x12 systime.o
 .text.HasOneMillisecondPassed
                0x00000000       0x10 systime.o
 .text          0x00000000        0x0 TimeHandler.o
 .data          0x00000000        0x0 TimeHandler.o
 .bss           0x00000000        0x0 TimeHandler.o
 .text          0x00000000        0x0 ugui.o
 .data          0x00000000        0x0 ugui.o
 .bss           0x00000000        0x0 ugui.o
 .text.UG_SelectGUI
                0x00000000        0xe ugui.o
 .text.UG_FillScreen
                0x00000000       0x30 ugui.o
 .text.UG_DrawMesh
                0x00000000       0x90 ugui.o
 .text.UG_DrawPixel
                0x00000000       0x12 ugui.o
 .text.UG_DrawCircle
                0x00000000      0x1c8 ugui.o
 .text.UG_DrawArc
                0x00000000      0x266 ugui.o
 .text.UG_FillRoundFrame
                0x00000000      0x22c ugui.o
 .text.UG_DrawFrame
                0x00000000       0x64 ugui.o
 .text.UG_DrawRoundFrame
                0x00000000       0xf6 ugui.o
 .text.UG_FillCircle
                0x00000000      0x154 ugui.o
 .text.UG_GetXDim
                0x00000000        0xe ugui.o
 .text.UG_GetYDim
                0x00000000        0xe ugui.o
 .text.UG_FontSetHSpace
                0x00000000        0xc ugui.o
 .text.UG_FontSetVSpace
                0x00000000        0xc ugui.o
 .text._UG_PutText
                0x00000000      0x29a ugui.o
 .text._UG_GetFreeObject
                0x00000000       0x44 ugui.o
 .text._UG_SearchObject
                0x00000000       0x44 ugui.o
 .text._UG_DeleteObject
                0x00000000       0x30 ugui.o
 .text._UG_ProcessTouchData
                0x00000000       0xe2 ugui.o
 .text._UG_UpdateObjects
                0x00000000       0x8e ugui.o
 .text._UG_HandleEvents
                0x00000000       0xc6 ugui.o
 .text._UG_DrawObjectFrame
                0x00000000      0x1c0 ugui.o
 .text._UG_SendObjectPrerenderEvent
                0x00000000       0x4a ugui.o
 .text._UG_SendObjectPostrenderEvent
                0x00000000       0x4c ugui.o
 .text.UG_DriverDisable
                0x00000000       0x2e ugui.o
 .text.UG_WaitForUpdate
                0x00000000       0x10 ugui.o
 .text.UG_DrawBMP
                0x00000000       0xc2 ugui.o
 .text.UG_TouchUpdate
                0x00000000       0x14 ugui.o
 .text.UG_WindowCreate
                0x00000000      0x10c ugui.o
 .text.UG_WindowDelete
                0x00000000       0x50 ugui.o
 .text.UG_WindowShow
                0x00000000       0x26 ugui.o
 .text.UG_WindowResize
                0x00000000      0x188 ugui.o
 .text.UG_WindowSetForeColor
                0x00000000       0x20 ugui.o
 .text.UG_WindowSetBackColor
                0x00000000       0x20 ugui.o
 .text.UG_WindowSetTitleTextColor
                0x00000000       0x20 ugui.o
 .text.UG_WindowSetTitleColor
                0x00000000       0x20 ugui.o
 .text.UG_WindowSetTitleInactiveTextColor
                0x00000000       0x20 ugui.o
 .text.UG_WindowSetTitleInactiveColor
                0x00000000       0x20 ugui.o
 .text.UG_WindowSetTitleText
                0x00000000       0x20 ugui.o
 .text.UG_WindowSetTitleTextFont
                0x00000000       0x4a ugui.o
 .text.UG_WindowSetTitleTextHSpace
                0x00000000       0x1e ugui.o
 .text.UG_WindowSetTitleTextVSpace
                0x00000000       0x1e ugui.o
 .text.UG_WindowSetTitleTextAlignment
                0x00000000       0x1e ugui.o
 .text.UG_WindowSetTitleHeight
                0x00000000       0x20 ugui.o
 .text.UG_WindowSetXStart
                0x00000000       0x3e ugui.o
 .text.UG_WindowSetYStart
                0x00000000       0x40 ugui.o
 .text.UG_WindowSetXEnd
                0x00000000       0x40 ugui.o
 .text.UG_WindowSetYEnd
                0x00000000       0x40 ugui.o
 .text.UG_WindowSetStyle
                0x00000000       0x40 ugui.o
 .text.UG_WindowGetForeColor
                0x00000000       0x1e ugui.o
 .text.UG_WindowGetBackColor
                0x00000000       0x1e ugui.o
 .text.UG_WindowGetTitleTextColor
                0x00000000       0x1e ugui.o
 .text.UG_WindowGetTitleColor
                0x00000000       0x1e ugui.o
 .text.UG_WindowAlert
                0x00000000       0x40 ugui.o
 .text.UG_WindowGetTitleInactiveTextColor
                0x00000000       0x1e ugui.o
 .text.UG_WindowGetTitleInactiveColor
                0x00000000       0x1e ugui.o
 .text.UG_WindowGetTitleText
                0x00000000       0x1e ugui.o
 .text.UG_WindowGetTitleTextFont
                0x00000000       0x1e ugui.o
 .text.UG_WindowGetTitleTextHSpace
                0x00000000       0x18 ugui.o
 .text.UG_WindowGetTitleTextVSpace
                0x00000000       0x18 ugui.o
 .text.UG_WindowGetTitleTextAlignment
                0x00000000       0x18 ugui.o
 .text.UG_WindowGetTitleHeight
                0x00000000       0x18 ugui.o
 .text.UG_WindowGetXStart
                0x00000000       0x1e ugui.o
 .text.UG_WindowGetYStart
                0x00000000       0x1e ugui.o
 .text.UG_WindowGetXEnd
                0x00000000       0x1e ugui.o
 .text.UG_WindowGetYEnd
                0x00000000       0x1e ugui.o
 .text.UG_WindowGetStyle
                0x00000000       0x18 ugui.o
 .text.UG_WindowGetArea
                0x00000000       0xa4 ugui.o
 .text._UG_ButtonUpdate
                0x00000000      0x304 ugui.o
 .text._UG_CheckboxUpdate
                0x00000000      0x692 ugui.o
 .text._UG_TextboxUpdate
                0x00000000      0x1c8 ugui.o
 .text._UG_ImageUpdate
                0x00000000      0x134 ugui.o
 .text.UG_WindowGetInnerWidth
                0x00000000       0x3a ugui.o
 .text.UG_WindowGetOuterWidth
                0x00000000       0x2c ugui.o
 .text.UG_WindowGetInnerHeight
                0x00000000       0x44 ugui.o
 .text.UG_WindowGetOuterHeight
                0x00000000       0x2c ugui.o
 .text._UG_WindowDrawTitle
                0x00000000      0x14c ugui.o
 .text._UG_WindowUpdate
                0x00000000      0x10a ugui.o
 .text.UG_Update
                0x00000000       0xf8 ugui.o
 .text._UG_WindowClear
                0x00000000       0x84 ugui.o
 .text.UG_WindowHide
                0x00000000       0xb8 ugui.o
 .rodata.str1.1
                0x00000000        0x2 ugui.o
 .text.UG_ButtonCreate
                0x00000000       0xee ugui.o
 .text.UG_ButtonDelete
                0x00000000        0xa ugui.o
 .text.UG_ButtonShow
                0x00000000       0x1c ugui.o
 .text.UG_ButtonHide
                0x00000000       0x2c ugui.o
 .text.UG_ButtonSetForeColor
                0x00000000       0x32 ugui.o
 .text.UG_ButtonSetBackColor
                0x00000000       0x32 ugui.o
 .text.UG_ButtonSetAlternateForeColor
                0x00000000       0x32 ugui.o
 .text.UG_ButtonSetAlternateBackColor
                0x00000000       0x32 ugui.o
 .text.UG_ButtonSetText
                0x00000000       0x32 ugui.o
 .text.UG_ButtonSetFont
                0x00000000       0x32 ugui.o
 .text.UG_ButtonSetStyle
                0x00000000       0x78 ugui.o
 .text.UG_ButtonSetHSpace
                0x00000000       0x2a ugui.o
 .text.UG_ButtonSetVSpace
                0x00000000       0x2a ugui.o
 .text.UG_ButtonSetAlignment
                0x00000000       0x2a ugui.o
 .text.UG_ButtonGetForeColor
                0x00000000       0x22 ugui.o
 .text.UG_ButtonGetBackColor
                0x00000000       0x22 ugui.o
 .text.UG_ButtonGetAlternateForeColor
                0x00000000       0x22 ugui.o
 .text.UG_ButtonGetAlternateBackColor
                0x00000000       0x22 ugui.o
 .text.UG_ButtonGetText
                0x00000000       0x22 ugui.o
 .text.UG_ButtonGetFont
                0x00000000       0x22 ugui.o
 .text.UG_ButtonGetStyle
                0x00000000       0x1e ugui.o
 .text.UG_ButtonGetHSpace
                0x00000000       0x1e ugui.o
 .text.UG_ButtonGetVSpace
                0x00000000       0x1e ugui.o
 .text.UG_ButtonGetAlignment
                0x00000000       0x1e ugui.o
 .text.UG_CheckboxCreate
                0x00000000       0xf0 ugui.o
 .text.UG_CheckboxDelete
                0x00000000        0xa ugui.o
 .text.UG_CheckboxShow
                0x00000000       0x1c ugui.o
 .text.UG_CheckboxHide
                0x00000000       0x2c ugui.o
 .text.UG_CheckboxSetCheched
                0x00000000       0x2a ugui.o
 .text.UG_CheckboxSetForeColor
                0x00000000       0x32 ugui.o
 .text.UG_CheckboxSetBackColor
                0x00000000       0x32 ugui.o
 .text.UG_CheckboxSetAlternateForeColor
                0x00000000       0x32 ugui.o
 .text.UG_CheckboxSetAlternateBackColor
                0x00000000       0x32 ugui.o
 .text.UG_CheckboxSetText
                0x00000000       0x32 ugui.o
 .text.UG_CheckboxSetFont
                0x00000000       0x32 ugui.o
 .text.UG_CheckboxSetStyle
                0x00000000       0x78 ugui.o
 .text.UG_CheckboxSetHSpace
                0x00000000       0x2a ugui.o
 .text.UG_CheckboxSetVSpace
                0x00000000       0x2a ugui.o
 .text.UG_CheckboxSetAlignment
                0x00000000       0x2a ugui.o
 .text.UG_CheckboxGetChecked
                0x00000000       0x1e ugui.o
 .text.UG_CheckboxGetForeColor
                0x00000000       0x22 ugui.o
 .text.UG_CheckboxGetBackColor
                0x00000000       0x22 ugui.o
 .text.UG_CheckboxGetAlternateForeColor
                0x00000000       0x22 ugui.o
 .text.UG_CheckboxGetAlternateBackColor
                0x00000000       0x22 ugui.o
 .text.UG_CheckboxGetText
                0x00000000       0x22 ugui.o
 .text.UG_CheckboxGetFont
                0x00000000       0x22 ugui.o
 .text.UG_CheckboxGetStyle
                0x00000000       0x1e ugui.o
 .text.UG_CheckboxGetHSpace
                0x00000000       0x1e ugui.o
 .text.UG_CheckboxGetVSpace
                0x00000000       0x1e ugui.o
 .text.UG_CheckboxGetAlignment
                0x00000000       0x1e ugui.o
 .text.UG_TextboxCreate
                0x00000000       0xd2 ugui.o
 .text.UG_TextboxDelete
                0x00000000        0xa ugui.o
 .text.UG_TextboxShow
                0x00000000       0x1c ugui.o
 .text.UG_TextboxHide
                0x00000000       0x1e ugui.o
 .text.UG_TextboxSetForeColor
                0x00000000       0x32 ugui.o
 .text.UG_TextboxSetBackColor
                0x00000000       0x32 ugui.o
 .text.UG_TextboxSetText
                0x00000000       0x2e ugui.o
 .text.UG_TextboxSetFont
                0x00000000       0x32 ugui.o
 .text.UG_TextboxSetHSpace
                0x00000000       0x2a ugui.o
 .text.UG_TextboxSetVSpace
                0x00000000       0x2a ugui.o
 .text.UG_TextboxSetAlignment
                0x00000000       0x2a ugui.o
 .text.UG_TextboxGetForeColor
                0x00000000       0x22 ugui.o
 .text.UG_TextboxGetBackColor
                0x00000000       0x22 ugui.o
 .text.UG_TextboxGetText
                0x00000000       0x22 ugui.o
 .text.UG_TextboxGetFont
                0x00000000       0x22 ugui.o
 .text.UG_TextboxGetHSpace
                0x00000000       0x1e ugui.o
 .text.UG_TextboxGetVSpace
                0x00000000       0x1e ugui.o
 .text.UG_TextboxGetAlignment
                0x00000000       0x1e ugui.o
 .text.UG_ImageCreate
                0x00000000       0x8e ugui.o
 .text.UG_ImageDelete
                0x00000000        0xa ugui.o
 .text.UG_ImageShow
                0x00000000       0x1c ugui.o
 .text.UG_ImageHide
                0x00000000       0x1e ugui.o
 .text.UG_ImageSetBMP
                0x00000000       0x36 ugui.o
 .bss.msg.2864  0x00000000        0x6 ugui.o
 .rodata.pal_checkbox_released
                0x00000000       0x18 ugui.o
 .rodata.pal_checkbox_pressed
                0x00000000       0x18 ugui.o
 .rodata.pal_button_released
                0x00000000       0x18 ugui.o
 .rodata.pal_button_pressed
                0x00000000       0x18 ugui.o
 .rodata.pal_window
                0x00000000       0x18 ugui.o
 .rodata.RFONT_5X8
                0x00000000        0xd ugui.o
 .progmem.data.font_5x8R
                0x00000000      0x300 ugui.o
 .text          0x00000000        0x0 c:/program files (x86)/atmel/studio/7.0/toolchain/avr8/avr8-gnu-toolchain/bin/../lib/gcc/avr/5.4.0/avr5\libgcc.a(_udivmodsi4.o)
 .data          0x00000000        0x0 c:/program files (x86)/atmel/studio/7.0/toolchain/avr8/avr8-gnu-toolchain/bin/../lib/gcc/avr/5.4.0/avr5\libgcc.a(_udivmodsi4.o)
 .bss           0x00000000        0x0 c:/program files (x86)/atmel/studio/7.0/toolchain/avr8/avr8-gnu-toolchain/bin/../lib/gcc/avr/5.4.0/avr5\libgcc.a(_udivmodsi4.o)
 .text.libgcc.mul
                0x00000000        0x0 c:/program files (x86)/atmel/studio/7.0/toolchain/avr8/avr8-gnu-toolchain/bin/../lib/gcc/avr/5.4.0/avr5\libgcc.a(_udivmodsi4.o)
 .text.libgcc.div
                0x00000000       0x44 c:/program files (x86)/atmel/studio/7.0/toolchain/avr8/avr8-gnu-toolchain/bin/../lib/gcc/avr/5.4.0/avr5\libgcc.a(_udivmodsi4.o)
 .text.libgcc   0x00000000        0x0 c:/program files (x86)/atmel/studio/7.0/toolchain/avr8/avr8-gnu-toolchain/bin/../lib/gcc/avr/5.4.0/avr5\libgcc.a(_udivmodsi4.o)
 .text.libgcc.prologue
                0x00000000        0x0 c:/program files (x86)/atmel/studio/7.0/toolchain/avr8/avr8-gnu-toolchain/bin/../lib/gcc/avr/5.4.0/avr5\libgcc.a(_udivmodsi4.o)
 .text.libgcc.builtins
                0x00000000        0x0 c:/program files (x86)/atmel/studio/7.0/toolchain/avr8/avr8-gnu-toolchain/bin/../lib/gcc/avr/5.4.0/avr5\libgcc.a(_udivmodsi4.o)
 .text.libgcc.fmul
                0x00000000        0x0 c:/program files (x86)/atmel/studio/7.0/toolchain/avr8/avr8-gnu-toolchain/bin/../lib/gcc/avr/5.4.0/avr5\libgcc.a(_udivmodsi4.o)
 .text.libgcc.fixed
                0x00000000        0x0 c:/program files (x86)/atmel/studio/7.0/toolchain/avr8/avr8-gnu-toolchain/bin/../lib/gcc/avr/5.4.0/avr5\libgcc.a(_udivmodsi4.o)
 .text          0x00000000        0x0 c:/program files (x86)/atmel/studio/7.0/toolchain/avr8/avr8-gnu-toolchain/bin/../lib/gcc/avr/5.4.0/avr5\libgcc.a(_exit.o)
 .data          0x00000000        0x0 c:/program files (x86)/atmel/studio/7.0/toolchain/avr8/avr8-gnu-toolchain/bin/../lib/gcc/avr/5.4.0/avr5\libgcc.a(_exit.o)
 .bss           0x00000000        0x0 c:/program files (x86)/atmel/studio/7.0/toolchain/avr8/avr8-gnu-toolchain/bin/../lib/gcc/avr/5.4.0/avr5\libgcc.a(_exit.o)
 .text.libgcc.mul
                0x00000000        0x0 c:/program files (x86)/atmel/studio/7.0/toolchain/avr8/avr8-gnu-toolchain/bin/../lib/gcc/avr/5.4.0/avr5\libgcc.a(_exit.o)
 .text.libgcc.div
                0x00000000        0x0 c:/program files (x86)/atmel/studio/7.0/toolchain/avr8/avr8-gnu-toolchain/bin/../lib/gcc/avr/5.4.0/avr5\libgcc.a(_exit.o)
 .text.libgcc   0x00000000        0x0 c:/program files (x86)/atmel/studio/7.0/toolchain/avr8/avr8-gnu-toolchain/bin/../lib/gcc/avr/5.4.0/avr5\libgcc.a(_exit.o)
 .text.libgcc.prologue
                0x00000000        0x0 c:/program files (x86)/atmel/studio/7.0/toolchain/avr8/avr8-gnu-toolchain/bin/../lib/gcc/avr/5.4.0/avr5\libgcc.a(_exit.o)
 .text.libgcc.builtins
                0x00000000        0x0 c:/program files (x86)/atmel/studio/7.0/toolchain/avr8/avr8-gnu-toolchain/bin/../lib/gcc/avr/5.4.0/avr5\libgcc.a(_exit.o)
 .text.libgcc.fmul
                0x00000000        0x0 c:/program files (x86)/atmel/studio/7.0/toolchain/avr8/avr8-gnu-toolchain/bin/../lib/gcc/avr/5.4.0/avr5\libgcc.a(_exit.o)
 .text.libgcc.fixed
                0x00000000        0x0 c:/program files (x86)/atmel/studio/7.0/toolchain/avr8/avr8-gnu-toolchain/bin/../lib/gcc/avr/5.4.0/avr5\libgcc.a(_exit.o)
 .text          0x00000000        0x0 c:/program files (x86)/atmel/studio/7.0/toolchain/avr8/avr8-gnu-toolchain/bin/../lib/gcc/avr/5.4.0/avr5\libgcc.a(_tablejump2.o)
 .data          0x00000000        0x0 c:/program files (x86)/atmel/studio/7.0/toolchain/avr8/avr8-gnu-toolchain/bin/../lib/gcc/avr/5.4.0/avr5\libgcc.a(_tablejump2.o)
 .bss           0x00000000        0x0 c:/program files (x86)/atmel/studio/7.0/toolchain/avr8/avr8-gnu-toolchain/bin/../lib/gcc/avr/5.4.0/avr5\libgcc.a(_tablejump2.o)
 .text.libgcc.mul
                0x00000000        0x0 c:/program files (x86)/atmel/studio/7.0/toolchain/avr8/avr8-gnu-toolchain/bin/../lib/gcc/avr/5.4.0/avr5\libgcc.a(_tablejump2.o)
 .text.libgcc.div
                0x00000000        0x0 c:/program files (x86)/atmel/studio/7.0/toolchain/avr8/avr8-gnu-toolchain/bin/../lib/gcc/avr/5.4.0/avr5\libgcc.a(_tablejump2.o)
 .text.libgcc.prologue
                0x00000000        0x0 c:/program files (x86)/atmel/studio/7.0/toolchain/avr8/avr8-gnu-toolchain/bin/../lib/gcc/avr/5.4.0/avr5\libgcc.a(_tablejump2.o)
 .text.libgcc.builtins
                0x00000000        0x0 c:/program files (x86)/atmel/studio/7.0/toolchain/avr8/avr8-gnu-toolchain/bin/../lib/gcc/avr/5.4.0/avr5\libgcc.a(_tablejump2.o)
 .text.libgcc.fmul
                0x00000000        0x0 c:/program files (x86)/atmel/studio/7.0/toolchain/avr8/avr8-gnu-toolchain/bin/../lib/gcc/avr/5.4.0/avr5\libgcc.a(_tablejump2.o)
 .text.libgcc.fixed
                0x00000000        0x0 c:/program files (x86)/atmel/studio/7.0/toolchain/avr8/avr8-gnu-toolchain/bin/../lib/gcc/avr/5.4.0/avr5\libgcc.a(_tablejump2.o)
 .text          0x00000000        0x0 c:/program files (x86)/atmel/studio/7.0/toolchain/avr8/avr8-gnu-toolchain/bin/../lib/gcc/avr/5.4.0/avr5\libgcc.a(_copy_data.o)
 .data          0x00000000        0x0 c:/program files (x86)/atmel/studio/7.0/toolchain/avr8/avr8-gnu-toolchain/bin/../lib/gcc/avr/5.4.0/avr5\libgcc.a(_copy_data.o)
 .bss           0x00000000        0x0 c:/program files (x86)/atmel/studio/7.0/toolchain/avr8/avr8-gnu-toolchain/bin/../lib/gcc/avr/5.4.0/avr5\libgcc.a(_copy_data.o)
 .text.libgcc.mul
                0x00000000        0x0 c:/program files (x86)/atmel/studio/7.0/toolchain/avr8/avr8-gnu-toolchain/bin/../lib/gcc/avr/5.4.0/avr5\libgcc.a(_copy_data.o)
 .text.libgcc.div
                0x00000000        0x0 c:/program files (x86)/atmel/studio/7.0/toolchain/avr8/avr8-gnu-toolchain/bin/../lib/gcc/avr/5.4.0/avr5\libgcc.a(_copy_data.o)
 .text.libgcc   0x00000000        0x0 c:/program files (x86)/atmel/studio/7.0/toolchain/avr8/avr8-gnu-toolchain/bin/../lib/gcc/avr/5.4.0/avr5\libgcc.a(_copy_data.o)
 .text.libgcc.prologue
                0x00000000        0x0 c:/program files (x86)/atmel/studio/7.0/toolchain/avr8/avr8-gnu-toolchain/bin/../lib/gcc/avr/5.4.0/avr5\libgcc.a(_copy_data.o)
 .text.libgcc.builtins
                0x00000000        0x0 c:/program files (x86)/atmel/studio/7.0/toolchain/avr8/avr8-gnu-toolchain/bin/../lib/gcc/avr/5.4.0/avr5\libgcc.a(_copy_data.o)
 .text.libgcc.fmul
                0x00000000        0x0 c:/program files (x86)/atmel/studio/7.0/toolchain/avr8/avr8-gnu-toolchain/bin/../lib/gcc/avr/5.4.0/avr5\libgcc.a(_copy_data.o)
 .text.libgcc.fixed
                0x00000000        0x0 c:/program files (x86)/atmel/studio/7.0/toolchain/avr8/avr8-gnu-toolchain/bin/../lib/gcc/avr/5.4.0/avr5\libgcc.a(_copy_data.o)
 .text          0x00000000        0x0 c:/program files (x86)/atmel/studio/7.0/toolchain/avr8/avr8-gnu-toolchain/bin/../lib/gcc/avr/5.4.0/avr5\libgcc.a(_clear_bss.o)
 .data          0x00000000        0x0 c:/program files (x86)/atmel/studio/7.0/toolchain/avr8/avr8-gnu-toolchain/bin/../lib/gcc/avr/5.4.0/avr5\libgcc.a(_clear_bss.o)
 .bss           0x00000000        0x0 c:/program files (x86)/atmel/studio/7.0/toolchain/avr8/avr8-gnu-toolchain/bin/../lib/gcc/avr/5.4.0/avr5\libgcc.a(_clear_bss.o)
 .text.libgcc.mul
                0x00000000        0x0 c:/program files (x86)/atmel/studio/7.0/toolchain/avr8/avr8-gnu-toolchain/bin/../lib/gcc/avr/5.4.0/avr5\libgcc.a(_clear_bss.o)
 .text.libgcc.div
                0x00000000        0x0 c:/program files (x86)/atmel/studio/7.0/toolchain/avr8/avr8-gnu-toolchain/bin/../lib/gcc/avr/5.4.0/avr5\libgcc.a(_clear_bss.o)
 .text.libgcc   0x00000000        0x0 c:/program files (x86)/atmel/studio/7.0/toolchain/avr8/avr8-gnu-toolchain/bin/../lib/gcc/avr/5.4.0/avr5\libgcc.a(_clear_bss.o)
 .text.libgcc.prologue
                0x00000000        0x0 c:/program files (x86)/atmel/studio/7.0/toolchain/avr8/avr8-gnu-toolchain/bin/../lib/gcc/avr/5.4.0/avr5\libgcc.a(_clear_bss.o)
 .text.libgcc.builtins
                0x00000000        0x0 c:/program files (x86)/atmel/studio/7.0/toolchain/avr8/avr8-gnu-toolchain/bin/../lib/gcc/avr/5.4.0/avr5\libgcc.a(_clear_bss.o)
 .text.libgcc.fmul
                0x00000000        0x0 c:/program files (x86)/atmel/studio/7.0/toolchain/avr8/avr8-gnu-toolchain/bin/../lib/gcc/avr/5.4.0/avr5\libgcc.a(_clear_bss.o)
 .text.libgcc.fixed
                0x00000000        0x0 c:/program files (x86)/atmel/studio/7.0/toolchain/avr8/avr8-gnu-toolchain/bin/../lib/gcc/avr/5.4.0/avr5\libgcc.a(_clear_bss.o)
 .text          0x00000000        0x0 c:/program files (x86)/atmel/studio/7.0/toolchain/avr8/avr8-gnu-toolchain/bin/../lib/gcc/avr/5.4.0/avr5\libgcc.a(_umulhisi3.o)
 .data          0x00000000        0x0 c:/program files (x86)/atmel/studio/7.0/toolchain/avr8/avr8-gnu-toolchain/bin/../lib/gcc/avr/5.4.0/avr5\libgcc.a(_umulhisi3.o)
 .bss           0x00000000        0x0 c:/program files (x86)/atmel/studio/7.0/toolchain/avr8/avr8-gnu-toolchain/bin/../lib/gcc/avr/5.4.0/avr5\libgcc.a(_umulhisi3.o)
 .text.libgcc.mul
                0x00000000       0x1e c:/program files (x86)/atmel/studio/7.0/toolchain/avr8/avr8-gnu-toolchain/bin/../lib/gcc/avr/5.4.0/avr5\libgcc.a(_umulhisi3.o)
 .text.libgcc.div
                0x00000000        0x0 c:/program files (x86)/atmel/studio/7.0/toolchain/avr8/avr8-gnu-toolchain/bin/../lib/gcc/avr/5.4.0/avr5\libgcc.a(_umulhisi3.o)
 .text.libgcc   0x00000000        0x0 c:/program files (x86)/atmel/studio/7.0/toolchain/avr8/avr8-gnu-toolchain/bin/../lib/gcc/avr/5.4.0/avr5\libgcc.a(_umulhisi3.o)
 .text.libgcc.prologue
                0x00000000        0x0 c:/program files (x86)/atmel/studio/7.0/toolchain/avr8/avr8-gnu-toolchain/bin/../lib/gcc/avr/5.4.0/avr5\libgcc.a(_umulhisi3.o)
 .text.libgcc.builtins
                0x00000000        0x0 c:/program files (x86)/atmel/studio/7.0/toolchain/avr8/avr8-gnu-toolchain/bin/../lib/gcc/avr/5.4.0/avr5\libgcc.a(_umulhisi3.o)
 .text.libgcc.fmul
                0x00000000        0x0 c:/program files (x86)/atmel/studio/7.0/toolchain/avr8/avr8-gnu-toolchain/bin/../lib/gcc/avr/5.4.0/avr5\libgcc.a(_umulhisi3.o)
 .text.libgcc.fixed
                0x00000000        0x0 c:/program files (x86)/atmel/studio/7.0/toolchain/avr8/avr8-gnu-toolchain/bin/../lib/gcc/avr/5.4.0/avr5\libgcc.a(_umulhisi3.o)
 .text          0x00000000        0x0 c:/program files (x86)/atmel/studio/7.0/toolchain/avr8/avr8-gnu-toolchain/bin/../lib/gcc/avr/5.4.0/avr5\libgcc.a(_muluhisi3.o)
 .data          0x00000000        0x0 c:/program files (x86)/atmel/studio/7.0/toolchain/avr8/avr8-gnu-toolchain/bin/../lib/gcc/avr/5.4.0/avr5\libgcc.a(_muluhisi3.o)
 .bss           0x00000000        0x0 c:/program files (x86)/atmel/studio/7.0/toolchain/avr8/avr8-gnu-toolchain/bin/../lib/gcc/avr/5.4.0/avr5\libgcc.a(_muluhisi3.o)
 .text.libgcc.mul
                0x00000000       0x16 c:/program files (x86)/atmel/studio/7.0/toolchain/avr8/avr8-gnu-toolchain/bin/../lib/gcc/avr/5.4.0/avr5\libgcc.a(_muluhisi3.o)
 .text.libgcc.div
                0x00000000        0x0 c:/program files (x86)/atmel/studio/7.0/toolchain/avr8/avr8-gnu-toolchain/bin/../lib/gcc/avr/5.4.0/avr5\libgcc.a(_muluhisi3.o)
 .text.libgcc   0x00000000        0x0 c:/program files (x86)/atmel/studio/7.0/toolchain/avr8/avr8-gnu-toolchain/bin/../lib/gcc/avr/5.4.0/avr5\libgcc.a(_muluhisi3.o)
 .text.libgcc.prologue
                0x00000000        0x0 c:/program files (x86)/atmel/studio/7.0/toolchain/avr8/avr8-gnu-toolchain/bin/../lib/gcc/avr/5.4.0/avr5\libgcc.a(_muluhisi3.o)
 .text.libgcc.builtins
                0x00000000        0x0 c:/program files (x86)/atmel/studio/7.0/toolchain/avr8/avr8-gnu-toolchain/bin/../lib/gcc/avr/5.4.0/avr5\libgcc.a(_muluhisi3.o)
 .text.libgcc.fmul
                0x00000000        0x0 c:/program files (x86)/atmel/studio/7.0/toolchain/avr8/avr8-gnu-toolchain/bin/../lib/gcc/avr/5.4.0/avr5\libgcc.a(_muluhisi3.o)
 .text.libgcc.fixed
                0x00000000        0x0 c:/program files (x86)/atmel/studio/7.0/toolchain/avr8/avr8-gnu-toolchain/bin/../lib/gcc/avr/5.4.0/avr5\libgcc.a(_muluhisi3.o)
 .text          0x00000000        0x0 c:/program files (x86)/atmel/studio/7.0/toolchain/avr8/avr8-gnu-toolchain/bin/../lib/gcc/avr/5.4.0/../../../../avr/lib/avr5\libc.a(iob.o)
 .data          0x00000000        0x0 c:/program files (x86)/atmel/studio/7.0/toolchain/avr8/avr8-gnu-toolchain/bin/../lib/gcc/avr/5.4.0/../../../../avr/lib/avr5\libc.a(iob.o)
 .bss           0x00000000        0x0 c:/program files (x86)/atmel/studio/7.0/toolchain/avr8/avr8-gnu-toolchain/bin/../lib/gcc/avr/5.4.0/../../../../avr/lib/avr5\libc.a(iob.o)
 .text          0x00000000        0x0 c:/program files (x86)/atmel/studio/7.0/toolchain/avr8/avr8-gnu-toolchain/bin/../lib/gcc/avr/5.4.0/../../../../avr/lib/avr5\libc.a(sprintf.o)
 .data          0x00000000        0x0 c:/program files (x86)/atmel/studio/7.0/toolchain/avr8/avr8-gnu-toolchain/bin/../lib/gcc/avr/5.4.0/../../../../avr/lib/avr5\libc.a(sprintf.o)
 .bss           0x00000000        0x0 c:/program files (x86)/atmel/studio/7.0/toolchain/avr8/avr8-gnu-toolchain/bin/../lib/gcc/avr/5.4.0/../../../../avr/lib/avr5\libc.a(sprintf.o)
 .text          0x00000000        0x0 c:/program files (x86)/atmel/studio/7.0/toolchain/avr8/avr8-gnu-toolchain/bin/../lib/gcc/avr/5.4.0/../../../../avr/lib/avr5\libc.a(vfprintf_std.o)
 .data          0x00000000        0x0 c:/program files (x86)/atmel/studio/7.0/toolchain/avr8/avr8-gnu-toolchain/bin/../lib/gcc/avr/5.4.0/../../../../avr/lib/avr5\libc.a(vfprintf_std.o)
 .bss           0x00000000        0x0 c:/program files (x86)/atmel/studio/7.0/toolchain/avr8/avr8-gnu-toolchain/bin/../lib/gcc/avr/5.4.0/../../../../avr/lib/avr5\libc.a(vfprintf_std.o)
 .text          0x00000000        0x0 c:/program files (x86)/atmel/studio/7.0/toolchain/avr8/avr8-gnu-toolchain/bin/../lib/gcc/avr/5.4.0/../../../../avr/lib/avr5\libc.a(strnlen_P.o)
 .data          0x00000000        0x0 c:/program files (x86)/atmel/studio/7.0/toolchain/avr8/avr8-gnu-toolchain/bin/../lib/gcc/avr/5.4.0/../../../../avr/lib/avr5\libc.a(strnlen_P.o)
 .bss           0x00000000        0x0 c:/program files (x86)/atmel/studio/7.0/toolchain/avr8/avr8-gnu-toolchain/bin/../lib/gcc/avr/5.4.0/../../../../avr/lib/avr5\libc.a(strnlen_P.o)
 .text          0x00000000        0x0 c:/program files (x86)/atmel/studio/7.0/toolchain/avr8/avr8-gnu-toolchain/bin/../lib/gcc/avr/5.4.0/../../../../avr/lib/avr5\libc.a(strnlen.o)
 .data          0x00000000        0x0 c:/program files (x86)/atmel/studio/7.0/toolchain/avr8/avr8-gnu-toolchain/bin/../lib/gcc/avr/5.4.0/../../../../avr/lib/avr5\libc.a(strnlen.o)
 .bss           0x00000000        0x0 c:/program files (x86)/atmel/studio/7.0/toolchain/avr8/avr8-gnu-toolchain/bin/../lib/gcc/avr/5.4.0/../../../../avr/lib/avr5\libc.a(strnlen.o)
 .text          0x00000000        0x0 c:/program files (x86)/atmel/studio/7.0/toolchain/avr8/avr8-gnu-toolchain/bin/../lib/gcc/avr/5.4.0/../../../../avr/lib/avr5\libc.a(fputc.o)
 .data          0x00000000        0x0 c:/program files (x86)/atmel/studio/7.0/toolchain/avr8/avr8-gnu-toolchain/bin/../lib/gcc/avr/5.4.0/../../../../avr/lib/avr5\libc.a(fputc.o)
 .bss           0x00000000        0x0 c:/program files (x86)/atmel/studio/7.0/toolchain/avr8/avr8-gnu-toolchain/bin/../lib/gcc/avr/5.4.0/../../../../avr/lib/avr5\libc.a(fputc.o)
 .text          0x00000000        0x0 c:/program files (x86)/atmel/studio/7.0/toolchain/avr8/avr8-gnu-toolchain/bin/../lib/gcc/avr/5.4.0/../../../../avr/lib/avr5\libc.a(ultoa_invert.o)
 .data          0x00000000        0x0 c:/program files (x86)/atmel/studio/7.0/toolchain/avr8/avr8-gnu-toolchain/bin/../lib/gcc/avr/5.4.0/../../../../avr/lib/avr5\libc.a(ultoa_invert.o)
 .bss           0x00000000        0x0 c:/program files (x86)/atmel/studio/7.0/toolchain/avr8/avr8-gnu-toolchain/bin/../lib/gcc/avr/5.4.0/../../../../avr/lib/avr5\libc.a(ultoa_invert.o)
 .text          0x00000000        0x0 c:/program files (x86)/atmel/studio/7.0/toolchain/avr8/avr8-gnu-toolchain/bin/../lib/gcc/avr/5.4.0/avr5\libgcc.a(_prologue.o)
 .data          0x00000000        0x0 c:/program files (x86)/atmel/studio/7.0/toolchain/avr8/avr8-gnu-toolchain/bin/../lib/gcc/avr/5.4.0/avr5\libgcc.a(_prologue.o)
 .bss           0x00000000        0x0 c:/program files (x86)/atmel/studio/7.0/toolchain/avr8/avr8-gnu-toolchain/bin/../lib/gcc/avr/5.4.0/avr5\libgcc.a(_prologue.o)
 .text.libgcc.mul
                0x00000000        0x0 c:/program files (x86)/atmel/studio/7.0/toolchain/avr8/avr8-gnu-toolchain/bin/../lib/gcc/avr/5.4.0/avr5\libgcc.a(_prologue.o)
 .text.libgcc.div
                0x00000000        0x0 c:/program files (x86)/atmel/studio/7.0/toolchain/avr8/avr8-gnu-toolchain/bin/../lib/gcc/avr/5.4.0/avr5\libgcc.a(_prologue.o)
 .text.libgcc   0x00000000        0x0 c:/program files (x86)/atmel/studio/7.0/toolchain/avr8/avr8-gnu-toolchain/bin/../lib/gcc/avr/5.4.0/avr5\libgcc.a(_prologue.o)
 .text.libgcc.builtins
                0x00000000        0x0 c:/program files (x86)/atmel/studio/7.0/toolchain/avr8/avr8-gnu-toolchain/bin/../lib/gcc/avr/5.4.0/avr5\libgcc.a(_prologue.o)
 .text.libgcc.fmul
                0x00000000        0x0 c:/program files (x86)/atmel/studio/7.0/toolchain/avr8/avr8-gnu-toolchain/bin/../lib/gcc/avr/5.4.0/avr5\libgcc.a(_prologue.o)
 .text.libgcc.fixed
                0x00000000        0x0 c:/program files (x86)/atmel/studio/7.0/toolchain/avr8/avr8-gnu-toolchain/bin/../lib/gcc/avr/5.4.0/avr5\libgcc.a(_prologue.o)
 .text          0x00000000        0x0 c:/program files (x86)/atmel/studio/7.0/toolchain/avr8/avr8-gnu-toolchain/bin/../lib/gcc/avr/5.4.0/avr5\libgcc.a(_epilogue.o)
 .data          0x00000000        0x0 c:/program files (x86)/atmel/studio/7.0/toolchain/avr8/avr8-gnu-toolchain/bin/../lib/gcc/avr/5.4.0/avr5\libgcc.a(_epilogue.o)
 .bss           0x00000000        0x0 c:/program files (x86)/atmel/studio/7.0/toolchain/avr8/avr8-gnu-toolchain/bin/../lib/gcc/avr/5.4.0/avr5\libgcc.a(_epilogue.o)
 .text.libgcc.mul
                0x00000000        0x0 c:/program files (x86)/atmel/studio/7.0/toolchain/avr8/avr8-gnu-toolchain/bin/../lib/gcc/avr/5.4.0/avr5\libgcc.a(_epilogue.o)
 .text.libgcc.div
                0x00000000        0x0 c:/program files (x86)/atmel/studio/7.0/toolchain/avr8/avr8-gnu-toolchain/bin/../lib/gcc/avr/5.4.0/avr5\libgcc.a(_epilogue.o)
 .text.libgcc   0x00000000        0x0 c:/program files (x86)/atmel/studio/7.0/toolchain/avr8/avr8-gnu-toolchain/bin/../lib/gcc/avr/5.4.0/avr5\libgcc.a(_epilogue.o)
 .text.libgcc.builtins
                0x00000000        0x0 c:/program files (x86)/atmel/studio/7.0/toolchain/avr8/avr8-gnu-toolchain/bin/../lib/gcc/avr/5.4.0/avr5\libgcc.a(_epilogue.o)
 .text.libgcc.fmul
                0x00000000        0x0 c:/program files (x86)/atmel/studio/7.0/toolchain/avr8/avr8-gnu-toolchain/bin/../lib/gcc/avr/5.4.0/avr5\libgcc.a(_epilogue.o)
 .text.libgcc.fixed
                0x00000000        0x0 c:/program files (x86)/atmel/studio/7.0/toolchain/avr8/avr8-gnu-toolchain/bin/../lib/gcc/avr/5.4.0/avr5\libgcc.a(_epilogue.o)

Memory Configuration

Name             Origin             Length             Attributes
text             0x00000000         0x00020000         xr
data             0x00800060         0x0000ffa0         rw !x
eeprom           0x00810000         0x00010000         rw !x
fuse             0x00820000         0x00000003         rw !x
lock             0x00830000         0x00000400         rw !x
signature        0x00840000         0x00000400         rw !x
user_signatures  0x00850000         0x00000400         rw !x
*default*        0x00000000         0xffffffff

Linker script and memory map

Address of section .data set to 0x800100
LOAD C:/Program Files (x86)/Atmel/Studio/7.0/Packs/atmel/ATmega_DFP/1.3.300/gcc/dev/atmega328pb/avr5/crtatmega328pb.o
LOAD GuiHandler.o
LOAD LCD_Ili9341.o
LOAD main.o
LOAD MMINIT.o
LOAD systime.o
LOAD TimeHandler.o
LOAD ugui.o
START GROUP
LOAD c:/program files (x86)/atmel/studio/7.0/toolchain/avr8/avr8-gnu-toolchain/bin/../lib/gcc/avr/5.4.0/../../../../avr/lib/avr5\libm.a
END GROUP
START GROUP
LOAD c:/program files (x86)/atmel/studio/7.0/toolchain/avr8/avr8-gnu-toolchain/bin/../lib/gcc/avr/5.4.0/avr5\libgcc.a
LOAD c:/program files (x86)/atmel/studio/7.0/toolchain/avr8/avr8-gnu-toolchain/bin/../lib/gcc/avr/5.4.0/../../../../avr/lib/avr5\libm.a
LOAD c:/program files (x86)/atmel/studio/7.0/toolchain/avr8/avr8-gnu-toolchain/bin/../lib/gcc/avr/5.4.0/../../../../avr/lib/avr5\libc.a
LOAD C:/Program Files (x86)/Atmel/Studio/7.0/Packs/atmel/ATmega_DFP/1.3.300/gcc/dev/atmega328pb/avr5\libatmega328pb.a
END GROUP
                0x00000000                __TEXT_REGION_ORIGIN__ = DEFINED (__TEXT_REGION_ORIGIN__)?__TEXT_REGION_ORIGIN__:0x0
                0x00800060                __DATA_REGION_ORIGIN__ = DEFINED (__DATA_REGION_ORIGIN__)?__DATA_REGION_ORIGIN__:0x800060
                0x00020000                __TEXT_REGION_LENGTH__ = DEFINED (__TEXT_REGION_LENGTH__)?__TEXT_REGION_LENGTH__:0x20000
                0x0000ffa0                __DATA_REGION_LENGTH__ = DEFINED (__DATA_REGION_LENGTH__)?__DATA_REGION_LENGTH__:0xffa0
                0x00010000                __EEPROM_REGION_LENGTH__ = DEFINED (__EEPROM_REGION_LENGTH__)?__EEPROM_REGION_LENGTH__:0x10000
                [0x00000003]                __FUSE_REGION_LENGTH__ = DEFINED (__FUSE_REGION_LENGTH__)?__FUSE_REGION_LENGTH__:0x400
                0x00000400                __LOCK_REGION_LENGTH__ = DEFINED (__LOCK_REGION_LENGTH__)?__LOCK_REGION_LENGTH__:0x400
                0x00000400                __SIGNATURE_REGION_LENGTH__ = DEFINED (__SIGNATURE_REGION_LENGTH__)?__SIGNATURE_REGION_LENGTH__:0x400
                0x00000400                __USER_SIGNATURE_REGION_LENGTH__ = DEFINED (__USER_SIGNATURE_REGION_LENGTH__)?__USER_SIGNATURE_REGION_LENGTH__:0x400

.hash
 *(.hash)

.dynsym
 *(.dynsym)

.dynstr
 *(.dynstr)

.gnu.version
 *(.gnu.version)

.gnu.version_d
 *(.gnu.version_d)

.gnu.version_r
 *(.gnu.version_r)

.rel.init
 *(.rel.init)

.rela.init
 *(.rela.init)

.rel.text
 *(.rel.text)
 *(.rel.text.*)
 *(.rel.gnu.linkonce.t*)

.rela.text
 *(.rela.text)
 *(.rela.text.*)
 *(.rela.gnu.linkonce.t*)

.rel.fini
 *(.rel.fini)

.rela.fini
 *(.rela.fini)

.rel.rodata
 *(.rel.rodata)
 *(.rel.rodata.*)
 *(.rel.gnu.linkonce.r*)

.rela.rodata
 *(.rela.rodata)
 *(.rela.rodata.*)
 *(.rela.gnu.linkonce.r*)

.rel.data
 *(.rel.data)
 *(.rel.data.*)
 *(.rel.gnu.linkonce.d*)

.rela.data
 *(.rela.data)
 *(.rela.data.*)
 *(.rela.gnu.linkonce.d*)

.rel.ctors
 *(.rel.ctors)

.rela.ctors
 *(.rela.ctors)

.rel.dtors
 *(.rel.dtors)

.rela.dtors
 *(.rela.dtors)

.rel.got
 *(.rel.got)

.rela.got
 *(.rela.got)

.rel.bss
 *(.rel.bss)

.rela.bss
 *(.rela.bss)

.rel.plt
 *(.rel.plt)

.rela.plt
 *(.rela.plt)

.text           0x00000000     0x3804
 *(.vectors)
 .vectors       0x00000000       0xb4 C:/Program Files (x86)/Atmel/Studio/7.0/Packs/atmel/ATmega_DFP/1.3.300/gcc/dev/atmega328pb/avr5/crtatmega328pb.o
                0x00000000                __vector_default
                0x00000000                __vectors
 *(.vectors)
 *(.progmem.gcc*)
 .progmem.gcc_sw_table._UG_PutChar
                0x000000b4       0x9a ugui.o
                0x0000014e                . = ALIGN (0x2)
                0x0000014e                __trampolines_start = .
 *(.trampolines)
 .trampolines   0x0000014e        0x0 linker stubs
 *(.trampolines*)
                0x0000014e                __trampolines_end = .
 *libprintf_flt.a:*(.progmem.data)
 *libc.a:*(.progmem.data)
 *(.progmem*)
 .progmem.data.font_16x26R
                0x0000014e     0x1380 ugui.o
                0x0000014e                font_16x26R
 .progmem.data.font_8x12R
                0x000014ce      0x480 ugui.o
                0x000014ce                font_8x12R
                0x0000194e                . = ALIGN (0x2)
 *(.jumptables)
 *(.jumptables*)
 *(.lowtext)
 *(.lowtext*)
                0x0000194e                __ctors_start = .
 *(.ctors)
                0x0000194e                __ctors_end = .
                0x0000194e                __dtors_start = .
 *(.dtors)
                0x0000194e                __dtors_end = .
 SORT(*)(.ctors)
 SORT(*)(.dtors)
 *(.init0)
 .init0         0x0000194e        0x0 C:/Program Files (x86)/Atmel/Studio/7.0/Packs/atmel/ATmega_DFP/1.3.300/gcc/dev/atmega328pb/avr5/crtatmega328pb.o
                0x0000194e                __init
 *(.init0)
 *(.init1)
 *(.init1)
 *(.init2)
 .init2         0x0000194e        0xc C:/Program Files (x86)/Atmel/Studio/7.0/Packs/atmel/ATmega_DFP/1.3.300/gcc/dev/atmega328pb/avr5/crtatmega328pb.o
 *(.init2)
 *(.init3)
 *(.init3)
 *(.init4)
 .init4         0x0000195a       0x16 c:/program files (x86)/atmel/studio/7.0/toolchain/avr8/avr8-gnu-toolchain/bin/../lib/gcc/avr/5.4.0/avr5\libgcc.a(_copy_data.o)
                0x0000195a                __do_copy_data
 .init4         0x00001970       0x10 c:/program files (x86)/atmel/studio/7.0/toolchain/avr8/avr8-gnu-toolchain/bin/../lib/gcc/avr/5.4.0/avr5\libgcc.a(_clear_bss.o)
                0x00001970                __do_clear_bss
 *(.init4)
 *(.init5)
 *(.init5)
 *(.init6)
 *(.init6)
 *(.init7)
 *(.init7)
 *(.init8)
 *(.init8)
 *(.init9)
 .init9         0x00001980        0x8 C:/Program Files (x86)/Atmel/Studio/7.0/Packs/atmel/ATmega_DFP/1.3.300/gcc/dev/atmega328pb/avr5/crtatmega328pb.o
 *(.init9)
 *(.text)
 .text          0x00001988        0x4 C:/Program Files (x86)/Atmel/Studio/7.0/Packs/atmel/ATmega_DFP/1.3.300/gcc/dev/atmega328pb/avr5/crtatmega328pb.o
                0x00001988                __vector_38
                0x00001988                __vector_22
                0x00001988                __vector_28
                0x00001988                __vector_1
                0x00001988                __vector_32
                0x00001988                __vector_34
                0x00001988                __vector_24
                0x00001988                __vector_12
                0x00001988                __bad_interrupt
                0x00001988                __vector_6
                0x00001988                __vector_31
                0x00001988                __vector_35
                0x00001988                __vector_39
                0x00001988                __vector_3
                0x00001988                __vector_23
                0x00001988                __vector_30
                0x00001988                __vector_25
                0x00001988                __vector_13
                0x00001988                __vector_17
                0x00001988                __vector_19
                0x00001988                __vector_7
                0x00001988                __vector_41
                0x00001988                __vector_43
                0x00001988                __vector_27
                0x00001988                __vector_5
                0x00001988                __vector_33
                0x00001988                __vector_37
                0x00001988                __vector_4
                0x00001988                __vector_44
                0x00001988                __vector_9
                0x00001988                __vector_2
                0x00001988                __vector_21
                0x00001988                __vector_15
                0x00001988                __vector_36
                0x00001988                __vector_29
                0x00001988                __vector_40
                0x00001988                __vector_8
                0x00001988                __vector_26
                0x00001988                __vector_10
                0x00001988                __vector_16
                0x00001988                __vector_18
                0x00001988                __vector_20
                0x00001988                __vector_42
                0x0000198c                . = ALIGN (0x2)
 *(.text.*)
 .text.startUp  0x0000198c      0x192 GuiHandler.o
                0x0000198c                startUp
 .text.mainScreenTime
                0x00001b1e      0x23a GuiHandler.o
                0x00001b1e                mainScreenTime
 .text.mainScreenTemp
                0x00001d58      0x23a GuiHandler.o
                0x00001d58                mainScreenTemp
 .text.fermentationScreen
                0x00001f92       0xaa GuiHandler.o
                0x00001f92                fermentationScreen
 .text.LCD_putchar
                0x0000203c       0x24 LCD_Ili9341.o
                0x0000203c                LCD_putchar
 .text.ILI9341_InitSPI
                0x00002060       0x18 LCD_Ili9341.o
                0x00002060                ILI9341_InitSPI
 .text.ILI9341_SPIwrite
                0x00002078        0xc LCD_Ili9341.o
                0x00002078                ILI9341_SPIwrite
 .text.ILI9341_WriteCommand
                0x00002084        0xc LCD_Ili9341.o
                0x00002084                ILI9341_WriteCommand
 .text.ILI9341_WriteData
                0x00002090        0xc LCD_Ili9341.o
                0x00002090                ILI9341_WriteData
 .text.ILI9341_setRotation
                0x0000209c       0xa4 LCD_Ili9341.o
                0x0000209c                ILI9341_setRotation
 .text.ILI9341_Init
                0x00002140       0x72 LCD_Ili9341.o
                0x00002140                ILI9341_Init
 .text.ILI9341_setAddrWindow
                0x000021b2       0x74 LCD_Ili9341.o
                0x000021b2                ILI9341_setAddrWindow
 .text._HW_SetArea_
                0x00002226        0x6 LCD_Ili9341.o
                0x00002226                _HW_SetArea_
 .text.ILI9341_pushColor
                0x0000222c       0x1a LCD_Ili9341.o
                0x0000222c                ILI9341_pushColor
 .text._HW_PushPixel
                0x00002246        0x6 LCD_Ili9341.o
                0x00002246                _HW_PushPixel
 .text.ILI9341_drawPixel
                0x0000224c       0x54 LCD_Ili9341.o
                0x0000224c                ILI9341_drawPixel
 .text.UserPixelSetFunction
                0x000022a0        0x6 LCD_Ili9341.o
                0x000022a0                UserPixelSetFunction
 .text.ILI9341_fillRect
                0x000022a6       0xb6 LCD_Ili9341.o
                0x000022a6                ILI9341_fillRect
 .text._HW_FillFrame_
                0x0000235c       0x18 LCD_Ili9341.o
                0x0000235c                _HW_FillFrame_
 .text.LCD_Init
                0x00002374       0xb6 LCD_Ili9341.o
                0x00002374                LCD_Init
 .text.main     0x0000242a       0x28 main.o
                0x0000242a                main
 .text.__vector_11
                0x00002452       0x70 main.o
                0x00002452                __vector_11
 .text.init_IO  0x000024c2       0x14 MMINIT.o
                0x000024c2                init_IO
 .text.LED1_Tgl
                0x000024d6        0xa MMINIT.o
                0x000024d6                LED1_Tgl
 .text.KBD_Read
                0x000024e0       0x66 MMINIT.o
                0x000024e0                KBD_Read
 .text.KBD_GetKey
                0x00002546        0xe MMINIT.o
                0x00002546                KBD_GetKey
 .text.__vector_14
                0x00002554       0x54 systime.o
                0x00002554                __vector_14
 .text.init_TH  0x000025a8       0x24 TimeHandler.o
                0x000025a8                init_TH
 .text.disable_TH
                0x000025cc        0x6 TimeHandler.o
                0x000025cc                disable_TH
 .text.UG_Init  0x000025d2       0xa0 ugui.o
                0x000025d2                UG_Init
 .text.UG_FontSelect
                0x00002672       0x18 ugui.o
                0x00002672                UG_FontSelect
 .text.UG_FillFrame
                0x0000268a       0xc0 ugui.o
                0x0000268a                UG_FillFrame
 .text.UG_DrawLine
                0x0000274a      0x174 ugui.o
                0x0000274a                UG_DrawLine
 .text.UG_ConsoleSetArea
                0x000028be       0x1a ugui.o
                0x000028be                UG_ConsoleSetArea
 .text.UG_ConsoleSetForecolor
                0x000028d8        0xe ugui.o
                0x000028d8                UG_ConsoleSetForecolor
 .text.UG_ConsoleSetBackcolor
                0x000028e6        0xe ugui.o
                0x000028e6                UG_ConsoleSetBackcolor
 .text.UG_SetForecolor
                0x000028f4        0xe ugui.o
                0x000028f4                UG_SetForecolor
 .text.UG_SetBackcolor
                0x00002902        0xe ugui.o
                0x00002902                UG_SetBackcolor
 .text._UG_PutChar
                0x00002910      0x6c4 ugui.o
                0x00002910                _UG_PutChar
 .text.UG_PutChar
                0x00002fd4       0x24 ugui.o
                0x00002fd4                UG_PutChar
 .text.UG_PutString
                0x00002ff8       0xda ugui.o
                0x00002ff8                UG_PutString
 .text.UG_ConsolePutString
                0x000030d2       0xf8 ugui.o
                0x000030d2                UG_ConsolePutString
 .text.UG_DriverRegister
                0x000031ca       0x28 ugui.o
                0x000031ca                UG_DriverRegister
 .text.UG_DriverEnable
                0x000031f2       0x2e ugui.o
                0x000031f2                UG_DriverEnable
 .text.libgcc   0x00003220        0xc c:/program files (x86)/atmel/studio/7.0/toolchain/avr8/avr8-gnu-toolchain/bin/../lib/gcc/avr/5.4.0/avr5\libgcc.a(_tablejump2.o)
                0x00003220                __tablejump2__
 .text.avr-libc
                0x0000322c       0x44 c:/program files (x86)/atmel/studio/7.0/toolchain/avr8/avr8-gnu-toolchain/bin/../lib/gcc/avr/5.4.0/../../../../avr/lib/avr5\libc.a(sprintf.o)
                0x0000322c                sprintf
 .text.avr-libc
                0x00003270      0x3c2 c:/program files (x86)/atmel/studio/7.0/toolchain/avr8/avr8-gnu-toolchain/bin/../lib/gcc/avr/5.4.0/../../../../avr/lib/avr5\libc.a(vfprintf_std.o)
                0x00003270                vfprintf
 .text.avr-libc
                0x00003632       0x16 c:/program files (x86)/atmel/studio/7.0/toolchain/avr8/avr8-gnu-toolchain/bin/../lib/gcc/avr/5.4.0/../../../../avr/lib/avr5\libc.a(strnlen_P.o)
                0x00003632                strnlen_P
 .text.avr-libc
                0x00003648       0x16 c:/program files (x86)/atmel/studio/7.0/toolchain/avr8/avr8-gnu-toolchain/bin/../lib/gcc/avr/5.4.0/../../../../avr/lib/avr5\libc.a(strnlen.o)
                0x00003648                strnlen
 .text.avr-libc
                0x0000365e       0x78 c:/program files (x86)/atmel/studio/7.0/toolchain/avr8/avr8-gnu-toolchain/bin/../lib/gcc/avr/5.4.0/../../../../avr/lib/avr5\libc.a(fputc.o)
                0x0000365e                fputc
 .text.avr-libc
                0x000036d6       0xbc c:/program files (x86)/atmel/studio/7.0/toolchain/avr8/avr8-gnu-toolchain/bin/../lib/gcc/avr/5.4.0/../../../../avr/lib/avr5\libc.a(ultoa_invert.o)
                0x000036d6                __ultoa_invert
 .text.libgcc.prologue
                0x00003792       0x38 c:/program files (x86)/atmel/studio/7.0/toolchain/avr8/avr8-gnu-toolchain/bin/../lib/gcc/avr/5.4.0/avr5\libgcc.a(_prologue.o)
                0x00003792                __prologue_saves__
 .text.libgcc.prologue
                0x000037ca       0x36 c:/program files (x86)/atmel/studio/7.0/toolchain/avr8/avr8-gnu-toolchain/bin/../lib/gcc/avr/5.4.0/avr5\libgcc.a(_epilogue.o)
                0x000037ca                __epilogue_restores__
                0x00003800                . = ALIGN (0x2)
 *(.fini9)
 .fini9         0x00003800        0x0 c:/program files (x86)/atmel/studio/7.0/toolchain/avr8/avr8-gnu-toolchain/bin/../lib/gcc/avr/5.4.0/avr5\libgcc.a(_exit.o)
                0x00003800                _exit
                0x00003800                exit
 *(.fini9)
 *(.fini8)
 *(.fini8)
 *(.fini7)
 *(.fini7)
 *(.fini6)
 *(.fini6)
 *(.fini5)
 *(.fini5)
 *(.fini4)
 *(.fini4)
 *(.fini3)
 *(.fini3)
 *(.fini2)
 *(.fini2)
 *(.fini1)
 *(.fini1)
 *(.fini0)
 .fini0         0x00003800        0x4 c:/program files (x86)/atmel/studio/7.0/toolchain/avr8/avr8-gnu-toolchain/bin/../lib/gcc/avr/5.4.0/avr5\libgcc.a(_exit.o)
 *(.fini0)
                0x00003804                _etext = .

.data           0x00800100       0xa0 load address 0x00003804
                0x00800100                PROVIDE (__data_start, .)
 *(.data)
 *(.data*)
 .data.LCD_stream
                0x00800100        0xe LCD_Ili9341.o
                0x00800100                LCD_stream
 .data.ILI9341_height
                0x0080010e        0x2 LCD_Ili9341.o
                0x0080010e                ILI9341_height
 .data.ILI9341_width
                0x00800110        0x2 LCD_Ili9341.o
                0x00800110                ILI9341_width
 *(.gnu.linkonce.d*)
 *(.rodata)
 *(.rodata*)
 .rodata.str1.1
                0x00800112       0x74 GuiHandler.o
 .rodata.RFONT_16X26
                0x00800186        0xd ugui.o
                0x00800186                RFONT_16X26
 .rodata.RFONT_8X12
                0x00800193        0xd ugui.o
                0x00800193                RFONT_8X12
 *(.gnu.linkonce.r*)
                0x008001a0                . = ALIGN (0x2)
                0x008001a0                _edata = .
                0x008001a0                PROVIDE (__data_end, .)

.bss            0x008001a0       0x59
                0x008001a0                PROVIDE (__bss_start, .)
 *(.bss)
 *(.bss*)
 .bss.stara.1684
                0x008001a0        0x2 MMINIT.o
 .bss.tmp       0x008001a2        0x2 MMINIT.o
                0x008001a2                tmp
 .bss.gui       0x008001a4        0x2 ugui.o
 *(COMMON)
 COMMON         0x008001a6        0x4 GuiHandler.o
                0x008001a6                days
                0x008001a8                temp
 COMMON         0x008001aa       0x44 LCD_Ili9341.o
                0x008001aa                ILI9341_rotation
                0x008001ab                gui
 COMMON         0x008001ee        0x5 systime.o
                0x008001ee                TIME_STATUS
                0x008001ef                systick
 COMMON         0x008001f3        0x6 c:/program files (x86)/atmel/studio/7.0/toolchain/avr8/avr8-gnu-toolchain/bin/../lib/gcc/avr/5.4.0/../../../../avr/lib/avr5\libc.a(iob.o)
                0x008001f3                __iob
                0x008001f9                PROVIDE (__bss_end, .)
                0x00003804                __data_load_start = LOADADDR (.data)
                0x000038a4                __data_load_end = (__data_load_start + SIZEOF (.data))

.noinit         0x008001f9        0x0
                [!provide]                PROVIDE (__noinit_start, .)
 *(.noinit*)
                [!provide]                PROVIDE (__noinit_end, .)
                0x008001f9                _end = .
                [!provide]                PROVIDE (__heap_start, .)

.eeprom         0x00810000        0x0
 *(.eeprom*)
                0x00810000                __eeprom_end = .

.fuse
 *(.fuse)
 *(.lfuse)
 *(.hfuse)
 *(.efuse)

.lock
 *(.lock*)

.signature
 *(.signature*)

.user_signatures
 *(.user_signatures*)

.stab
 *(.stab)

.stabstr
 *(.stabstr)

.stab.excl
 *(.stab.excl)

.stab.exclstr
 *(.stab.exclstr)

.stab.index
 *(.stab.index)

.stab.indexstr
 *(.stab.indexstr)

.comment        0x00000000       0x5c
 *(.comment)
 .comment       0x00000000       0x30 GuiHandler.o
                                 0x31 (size before relaxing)
 .comment       0x00000030       0x31 LCD_Ili9341.o
 .comment       0x00000030       0x31 main.o
 .comment       0x00000030       0x31 MMINIT.o
 .comment       0x00000030       0x31 systime.o
 .comment       0x00000030       0x31 TimeHandler.o
 .comment       0x00000030       0x31 ugui.o
 .comment       0x00000030       0x31 c:/program files (x86)/atmel/studio/7.0/toolchain/avr8/avr8-gnu-toolchain/bin/../lib/gcc/avr/5.4.0/../../../../avr/lib/avr5\libc.a(iob.o)
 .comment       0x00000030       0x31 c:/program files (x86)/atmel/studio/7.0/toolchain/avr8/avr8-gnu-toolchain/bin/../lib/gcc/avr/5.4.0/../../../../avr/lib/avr5\libc.a(sprintf.o)
 .comment       0x00000030       0x2c c:/program files (x86)/atmel/studio/7.0/toolchain/avr8/avr8-gnu-toolchain/bin/../lib/gcc/avr/5.4.0/../../../../avr/lib/avr5\libc.a(vfprintf_std.o)
                                 0x2d (size before relaxing)
 .comment       0x0000005c       0x31 c:/program files (x86)/atmel/studio/7.0/toolchain/avr8/avr8-gnu-toolchain/bin/../lib/gcc/avr/5.4.0/../../../../avr/lib/avr5\libc.a(fputc.o)

.note.gnu.avr.deviceinfo
                0x00000000       0x40
 .note.gnu.avr.deviceinfo
                0x00000000       0x40 C:/Program Files (x86)/Atmel/Studio/7.0/Packs/atmel/ATmega_DFP/1.3.300/gcc/dev/atmega328pb/avr5/crtatmega328pb.o

.note.gnu.build-id
 *(.note.gnu.build-id)

.debug
 *(.debug)

.line
 *(.line)

.debug_srcinfo
 *(.debug_srcinfo)

.debug_sfnames
 *(.debug_sfnames)

.debug_aranges  0x00000000      0x7e8
 *(.debug_aranges)
 .debug_aranges
                0x00000000       0x38 GuiHandler.o
 .debug_aranges
                0x00000038       0xc0 LCD_Ili9341.o
 .debug_aranges
                0x000000f8       0x28 main.o
 .debug_aranges
                0x00000120       0xe0 MMINIT.o
 .debug_aranges
                0x00000200       0x60 systime.o
 .debug_aranges
                0x00000260       0x28 TimeHandler.o
 .debug_aranges
                0x00000288      0x560 ugui.o

.debug_pubnames
 *(.debug_pubnames)

.debug_info     0x00000000     0xa4c2
 *(.debug_info .gnu.linkonce.wi.*)
 .debug_info    0x00000000      0x8ea C:/Program Files (x86)/Atmel/Studio/7.0/Packs/atmel/ATmega_DFP/1.3.300/gcc/dev/atmega328pb/avr5/crtatmega328pb.o
 .debug_info    0x000008ea     0x102c GuiHandler.o
 .debug_info    0x00001916     0x154e LCD_Ili9341.o
 .debug_info    0x00002e64      0x1b7 main.o
 .debug_info    0x0000301b      0x347 MMINIT.o
 .debug_info    0x00003362      0x40f systime.o
 .debug_info    0x00003771       0xa2 TimeHandler.o
 .debug_info    0x00003813     0x6caf ugui.o

.debug_abbrev   0x00000000     0x1456
 *(.debug_abbrev)
 .debug_abbrev  0x00000000      0x86e C:/Program Files (x86)/Atmel/Studio/7.0/Packs/atmel/ATmega_DFP/1.3.300/gcc/dev/atmega328pb/avr5/crtatmega328pb.o
 .debug_abbrev  0x0000086e      0x1d4 GuiHandler.o
 .debug_abbrev  0x00000a42      0x375 LCD_Ili9341.o
 .debug_abbrev  0x00000db7       0xab main.o
 .debug_abbrev  0x00000e62      0x104 MMINIT.o
 .debug_abbrev  0x00000f66      0x1c1 systime.o
 .debug_abbrev  0x00001127       0x4f TimeHandler.o
 .debug_abbrev  0x00001176      0x2e0 ugui.o

.debug_line     0x00000000     0x4f3f
 *(.debug_line .debug_line.* .debug_line_end)
 .debug_line    0x00000000      0x1a5 C:/Program Files (x86)/Atmel/Studio/7.0/Packs/atmel/ATmega_DFP/1.3.300/gcc/dev/atmega328pb/avr5/crtatmega328pb.o
 .debug_line    0x000001a5      0x429 GuiHandler.o
 .debug_line    0x000005ce      0x6f9 LCD_Ili9341.o
 .debug_line    0x00000cc7       0xcd main.o
 .debug_line    0x00000d94      0x34c MMINIT.o
 .debug_line    0x000010e0      0x34e systime.o
 .debug_line    0x0000142e       0xd6 TimeHandler.o
 .debug_line    0x00001504     0x3a3b ugui.o

.debug_frame    0x00000000     0x1b38
 *(.debug_frame)
 .debug_frame   0x00000000       0xe4 GuiHandler.o
 .debug_frame   0x000000e4      0x238 LCD_Ili9341.o
 .debug_frame   0x0000031c       0x7c main.o
 .debug_frame   0x00000398      0x1a4 MMINIT.o
 .debug_frame   0x0000053c      0x164 systime.o
 .debug_frame   0x000006a0       0x34 TimeHandler.o
 .debug_frame   0x000006d4     0x1464 ugui.o

.debug_str      0x00000000     0x19e7
 *(.debug_str)
 .debug_str     0x00000000      0x318 C:/Program Files (x86)/Atmel/Studio/7.0/Packs/atmel/ATmega_DFP/1.3.300/gcc/dev/atmega328pb/avr5/crtatmega328pb.o
 .debug_str     0x00000318      0x329 GuiHandler.o
                                0x375 (size before relaxing)
 .debug_str     0x00000641      0x3cb LCD_Ili9341.o
                                0x6d0 (size before relaxing)
 .debug_str     0x00000a0c       0x39 main.o
                                0x21a (size before relaxing)
 .debug_str     0x00000a45       0xf8 MMINIT.o
                                0x2de (size before relaxing)
 .debug_str     0x00000b3d       0xf6 systime.o
                                0x2ac (size before relaxing)
 .debug_str     0x00000c33       0x13 TimeHandler.o
                                0x1cb (size before relaxing)
 .debug_str     0x00000c46      0xda1 ugui.o
                               0x1284 (size before relaxing)

.debug_loc      0x00000000     0xc67f
 *(.debug_loc)
 .debug_loc     0x00000000      0x326 GuiHandler.o
 .debug_loc     0x00000326      0xc3d LCD_Ili9341.o
 .debug_loc     0x00000f63       0xcb main.o
 .debug_loc     0x0000102e       0xc7 MMINIT.o
 .debug_loc     0x000010f5      0x540 systime.o
 .debug_loc     0x00001635     0xb04a ugui.o

.debug_macinfo
 *(.debug_macinfo)

.debug_weaknames
 *(.debug_weaknames)

.debug_funcnames
 *(.debug_funcnames)

.debug_typenames
 *(.debug_typenames)

.debug_varnames
 *(.debug_varnames)

.debug_pubtypes
 *(.debug_pubtypes)

.debug_ranges   0x00000000      0x778
 *(.debug_ranges)
 .debug_ranges  0x00000000       0x28 GuiHandler.o
 .debug_ranges  0x00000028       0xb0 LCD_Ili9341.o
 .debug_ranges  0x000000d8       0x18 main.o
 .debug_ranges  0x000000f0       0xd0 MMINIT.o
 .debug_ranges  0x000001c0       0x50 systime.o
 .debug_ranges  0x00000210       0x18 TimeHandler.o
 .debug_ranges  0x00000228      0x550 ugui.o

.debug_macro
 *(.debug_macro)
OUTPUT(MegaforceFermentationChamber.elf elf32-avr)
LOAD linker stubs
