Archive member included to satisfy reference by file (symbol)

c:/program files (x86)/atmel/studio/7.0/toolchain/avr8/avr8-gnu-toolchain/bin/../lib/gcc/avr/5.4.0/avr5\libgcc.a(_udivmodsi4.o)
                              systime.o (__udivmodsi4)
c:/program files (x86)/atmel/studio/7.0/toolchain/avr8/avr8-gnu-toolchain/bin/../lib/gcc/avr/5.4.0/avr5\libgcc.a(_exit.o)
                              C:/Program Files (x86)/Atmel/Studio/7.0/Packs/atmel/ATmega_DFP/1.3.300/gcc/dev/atmega328pb/avr5/crtatmega328pb.o (exit)
c:/program files (x86)/atmel/studio/7.0/toolchain/avr8/avr8-gnu-toolchain/bin/../lib/gcc/avr/5.4.0/avr5\libgcc.a(_tablejump2.o)
                              ugui.o (__tablejump2__)
c:/program files (x86)/atmel/studio/7.0/toolchain/avr8/avr8-gnu-toolchain/bin/../lib/gcc/avr/5.4.0/avr5\libgcc.a(_copy_data.o)
                              GuiHandler.o (__do_copy_data)
c:/program files (x86)/atmel/studio/7.0/toolchain/avr8/avr8-gnu-toolchain/bin/../lib/gcc/avr/5.4.0/avr5\libgcc.a(_clear_bss.o)
                              ADCHandler.o (__do_clear_bss)
c:/program files (x86)/atmel/studio/7.0/toolchain/avr8/avr8-gnu-toolchain/bin/../lib/gcc/avr/5.4.0/avr5\libgcc.a(_umulhisi3.o)
                              systime.o (__umulhisi3)
c:/program files (x86)/atmel/studio/7.0/toolchain/avr8/avr8-gnu-toolchain/bin/../lib/gcc/avr/5.4.0/avr5\libgcc.a(_muluhisi3.o)
                              systime.o (__muluhisi3)
c:/program files (x86)/atmel/studio/7.0/toolchain/avr8/avr8-gnu-toolchain/bin/../lib/gcc/avr/5.4.0/../../../../avr/lib/avr5\libc.a(iob.o)
                              LCD_Ili9341.o (__iob)
c:/program files (x86)/atmel/studio/7.0/toolchain/avr8/avr8-gnu-toolchain/bin/../lib/gcc/avr/5.4.0/../../../../avr/lib/avr5\libc.a(sprintf.o)
                              GuiHandler.o (sprintf)
c:/program files (x86)/atmel/studio/7.0/toolchain/avr8/avr8-gnu-toolchain/bin/../lib/gcc/avr/5.4.0/../../../../avr/lib/avr5\libc.a(vfprintf_std.o)
                              c:/program files (x86)/atmel/studio/7.0/toolchain/avr8/avr8-gnu-toolchain/bin/../lib/gcc/avr/5.4.0/../../../../avr/lib/avr5\libc.a(sprintf.o) (vfprintf)
c:/program files (x86)/atmel/studio/7.0/toolchain/avr8/avr8-gnu-toolchain/bin/../lib/gcc/avr/5.4.0/../../../../avr/lib/avr5\libc.a(strnlen_P.o)
                              c:/program files (x86)/atmel/studio/7.0/toolchain/avr8/avr8-gnu-toolchain/bin/../lib/gcc/avr/5.4.0/../../../../avr/lib/avr5\libc.a(vfprintf_std.o) (strnlen_P)
c:/program files (x86)/atmel/studio/7.0/toolchain/avr8/avr8-gnu-toolchain/bin/../lib/gcc/avr/5.4.0/../../../../avr/lib/avr5\libc.a(strnlen.o)
                              c:/program files (x86)/atmel/studio/7.0/toolchain/avr8/avr8-gnu-toolchain/bin/../lib/gcc/avr/5.4.0/../../../../avr/lib/avr5\libc.a(vfprintf_std.o) (strnlen)
c:/program files (x86)/atmel/studio/7.0/toolchain/avr8/avr8-gnu-toolchain/bin/../lib/gcc/avr/5.4.0/../../../../avr/lib/avr5\libc.a(fputc.o)
                              c:/program files (x86)/atmel/studio/7.0/toolchain/avr8/avr8-gnu-toolchain/bin/../lib/gcc/avr/5.4.0/../../../../avr/lib/avr5\libc.a(vfprintf_std.o) (fputc)
c:/program files (x86)/atmel/studio/7.0/toolchain/avr8/avr8-gnu-toolchain/bin/../lib/gcc/avr/5.4.0/../../../../avr/lib/avr5\libc.a(ultoa_invert.o)
                              c:/program files (x86)/atmel/studio/7.0/toolchain/avr8/avr8-gnu-toolchain/bin/../lib/gcc/avr/5.4.0/../../../../avr/lib/avr5\libc.a(vfprintf_std.o) (__ultoa_invert)
c:/program files (x86)/atmel/studio/7.0/toolchain/avr8/avr8-gnu-toolchain/bin/../lib/gcc/avr/5.4.0/avr5\libgcc.a(_prologue.o)
                              c:/program files (x86)/atmel/studio/7.0/toolchain/avr8/avr8-gnu-toolchain/bin/../lib/gcc/avr/5.4.0/../../../../avr/lib/avr5\libc.a(sprintf.o) (__prologue_saves__)
c:/program files (x86)/atmel/studio/7.0/toolchain/avr8/avr8-gnu-toolchain/bin/../lib/gcc/avr/5.4.0/avr5\libgcc.a(_epilogue.o)
                              c:/program files (x86)/atmel/studio/7.0/toolchain/avr8/avr8-gnu-toolchain/bin/../lib/gcc/avr/5.4.0/../../../../avr/lib/avr5\libc.a(sprintf.o) (__epilogue_restores__)

Allocating common symbols
Common symbol       size              file

ADC_res             0x2               ADCHandler.o
days                0x2               ADCHandler.o
temp                0x2               ADCHandler.o
ILI9341_rotation    0x1               LCD_Ili9341.o
gui                 0x43              LCD_Ili9341.o
TIME_STATUS         0x1               systime.o
__iob               0x6               c:/program files (x86)/atmel/studio/7.0/toolchain/avr8/avr8-gnu-toolchain/bin/../lib/gcc/avr/5.4.0/../../../../avr/lib/avr5\libc.a(iob.o)
systick             0x4               systime.o

Discarded input sections

 .data          0x00000000        0x0 C:/Program Files (x86)/Atmel/Studio/7.0/Packs/atmel/ATmega_DFP/1.3.300/gcc/dev/atmega328pb/avr5/crtatmega328pb.o
 .bss           0x00000000        0x0 C:/Program Files (x86)/Atmel/Studio/7.0/Packs/atmel/ATmega_DFP/1.3.300/gcc/dev/atmega328pb/avr5/crtatmega328pb.o
 .text          0x00000000        0x0 ADCHandler.o
 .data          0x00000000        0x0 ADCHandler.o
 .bss           0x00000000        0x0 ADCHandler.o
 .text.disable_ADC
                0x00000000        0x2 ADCHandler.o
 .text          0x00000000        0x0 GuiHandler.o
 .data          0x00000000        0x0 GuiHandler.o
 .bss           0x00000000        0x0 GuiHandler.o
 .text          0x00000000        0x0 LCD_Ili9341.o
 .data          0x00000000        0x0 LCD_Ili9341.o
 .bss           0x00000000        0x0 LCD_Ili9341.o
 .text.ILI9341_ReadCmd8
                0x00000000       0x3a LCD_Ili9341.o
 .text.ILI9341_drawFastVLine
                0x00000000       0x74 LCD_Ili9341.o
 .text.ILI9341_drawFastHLine
                0x00000000       0x74 LCD_Ili9341.o
 .text.ILI9341_fillScreen
                0x00000000       0x28 LCD_Ili9341.o
 .text.ILI9341_invertDisplay
                0x00000000       0x10 LCD_Ili9341.o
 .text          0x00000000        0x0 main.o
 .data          0x00000000        0x0 main.o
 .bss           0x00000000        0x0 main.o
 .text          0x00000000        0x0 MMINIT.o
 .data          0x00000000        0x0 MMINIT.o
 .bss           0x00000000        0x0 MMINIT.o
 .text.LED1_On  0x00000000        0x4 MMINIT.o
 .text.LED2_On  0x00000000        0x4 MMINIT.o
 .text.LED3_On  0x00000000        0x4 MMINIT.o
 .text.LED4_On  0x00000000        0x4 MMINIT.o
 .text.LED1_Off
                0x00000000        0x6 MMINIT.o
 .text.LED2_Off
                0x00000000        0x6 MMINIT.o
 .text.LED3_Off
                0x00000000        0x6 MMINIT.o
 .text.LED4_Off
                0x00000000        0x6 MMINIT.o
 .text.LED1_Tgl
                0x00000000        0xa MMINIT.o
 .text.LED2_Tgl
                0x00000000        0xa MMINIT.o
 .text.LED3_Tgl
                0x00000000        0xa MMINIT.o
 .text.LED4_Tgl
                0x00000000        0xa MMINIT.o
 .text.LED_SetLEDs
                0x00000000        0x8 MMINIT.o
 .text.LED_ClrLEDs
                0x00000000        0x8 MMINIT.o
 .text.is_LED1_On
                0x00000000        0x6 MMINIT.o
 .text.is_LED2_On
                0x00000000        0x6 MMINIT.o
 .text.is_LED3_On
                0x00000000        0x6 MMINIT.o
 .text.is_LED4_On
                0x00000000        0x6 MMINIT.o
 .text.is_BTN_OK_Pressed
                0x00000000        0xe MMINIT.o
 .text.is_BTN_ESC_Pressed
                0x00000000        0xe MMINIT.o
 .text.is_BTN_Pressed
                0x00000000       0x1a MMINIT.o
 .text.is_BTN_Released
                0x00000000       0x18 MMINIT.o
 .text          0x00000000        0x0 systime.o
 .data          0x00000000        0x0 systime.o
 .bss           0x00000000        0x0 systime.o
 .text.Systime_Init
                0x00000000       0x12 systime.o
 .text.GetSysTick
                0x00000000       0x18 systime.o
 .text.GetSysTick_us
                0x00000000       0x68 systime.o
 .text.Has_X_MillisecondsPassed
                0x00000000       0xd2 systime.o
 .text.Has_X_MicrosecondsPassed
                0x00000000       0xd2 systime.o
 .text.isF1msSet
                0x00000000        0xe systime.o
 .text.ClrF1ms  0x00000000       0x12 systime.o
 .text.HasOneMillisecondPassed
                0x00000000       0x10 systime.o
 .text          0x00000000        0x0 TimeHandler.o
 .data          0x00000000        0x0 TimeHandler.o
 .bss           0x00000000        0x0 TimeHandler.o
 .text          0x00000000        0x0 ugui.o
 .data          0x00000000        0x0 ugui.o
 .bss           0x00000000        0x0 ugui.o
 .text.UG_SelectGUI
                0x00000000        0xe ugui.o
 .text.UG_FillScreen
                0x00000000       0x30 ugui.o
 .text.UG_DrawMesh
                0x00000000       0x90 ugui.o
 .text.UG_DrawPixel
                0x00000000       0x12 ugui.o
 .text.UG_DrawCircle
                0x00000000      0x1c8 ugui.o
 .text.UG_DrawArc
                0x00000000      0x266 ugui.o
 .text.UG_FillRoundFrame
                0x00000000      0x22c ugui.o
 .text.UG_DrawFrame
                0x00000000       0x64 ugui.o
 .text.UG_DrawRoundFrame
                0x00000000       0xf6 ugui.o
 .text.UG_FillCircle
                0x00000000      0x154 ugui.o
 .text.UG_GetXDim
                0x00000000        0xe ugui.o
 .text.UG_GetYDim
                0x00000000        0xe ugui.o
 .text.UG_FontSetHSpace
                0x00000000        0xc ugui.o
 .text.UG_FontSetVSpace
                0x00000000        0xc ugui.o
 .text._UG_PutText
                0x00000000      0x29a ugui.o
 .text._UG_GetFreeObject
                0x00000000       0x44 ugui.o
 .text._UG_SearchObject
                0x00000000       0x44 ugui.o
 .text._UG_DeleteObject
                0x00000000       0x30 ugui.o
 .text._UG_ProcessTouchData
                0x00000000       0xe2 ugui.o
 .text._UG_UpdateObjects
                0x00000000       0x8e ugui.o
 .text._UG_HandleEvents
                0x00000000       0xc6 ugui.o
 .text._UG_DrawObjectFrame
                0x00000000      0x1c0 ugui.o
 .text._UG_SendObjectPrerenderEvent
                0x00000000       0x4a ugui.o
 .text._UG_SendObjectPostrenderEvent
                0x00000000       0x4c ugui.o
 .text.UG_DriverDisable
                0x00000000       0x2e ugui.o
 .text.UG_WaitForUpdate
                0x00000000       0x10 ugui.o
 .text.UG_DrawBMP
                0x00000000       0xc2 ugui.o
 .text.UG_TouchUpdate
                0x00000000       0x14 ugui.o
 .text.UG_WindowCreate
                0x00000000      0x10c ugui.o
 .text.UG_WindowDelete
                0x00000000       0x50 ugui.o
 .text.UG_WindowShow
                0x00000000       0x26 ugui.o
 .text.UG_WindowResize
                0x00000000      0x188 ugui.o
 .text.UG_WindowSetForeColor
                0x00000000       0x20 ugui.o
 .text.UG_WindowSetBackColor
                0x00000000       0x20 ugui.o
 .text.UG_WindowSetTitleTextColor
                0x00000000       0x20 ugui.o
 .text.UG_WindowSetTitleColor
                0x00000000       0x20 ugui.o
 .text.UG_WindowSetTitleInactiveTextColor
                0x00000000       0x20 ugui.o
 .text.UG_WindowSetTitleInactiveColor
                0x00000000       0x20 ugui.o
 .text.UG_WindowSetTitleText
                0x00000000       0x20 ugui.o
 .text.UG_WindowSetTitleTextFont
                0x00000000       0x4a ugui.o
 .text.UG_WindowSetTitleTextHSpace
                0x00000000       0x1e ugui.o
 .text.UG_WindowSetTitleTextVSpace
                0x00000000       0x1e ugui.o
 .text.UG_WindowSetTitleTextAlignment
                0x00000000       0x1e ugui.o
 .text.UG_WindowSetTitleHeight
                0x00000000       0x20 ugui.o
 .text.UG_WindowSetXStart
                0x00000000       0x3e ugui.o
 .text.UG_WindowSetYStart
                0x00000000       0x40 ugui.o
 .text.UG_WindowSetXEnd
                0x00000000       0x40 ugui.o
 .text.UG_WindowSetYEnd
                0x00000000       0x40 ugui.o
 .text.UG_WindowSetStyle
                0x00000000       0x40 ugui.o
 .text.UG_WindowGetForeColor
                0x00000000       0x1e ugui.o
 .text.UG_WindowGetBackColor
                0x00000000       0x1e ugui.o
 .text.UG_WindowGetTitleTextColor
                0x00000000       0x1e ugui.o
 .text.UG_WindowGetTitleColor
                0x00000000       0x1e ugui.o
 .text.UG_WindowAlert
                0x00000000       0x40 ugui.o
 .text.UG_WindowGetTitleInactiveTextColor
                0x00000000       0x1e ugui.o
 .text.UG_WindowGetTitleInactiveColor
                0x00000000       0x1e ugui.o
 .text.UG_WindowGetTitleText
                0x00000000       0x1e ugui.o
 .text.UG_WindowGetTitleTextFont
                0x00000000       0x1e ugui.o
 .text.UG_WindowGetTitleTextHSpace
                0x00000000       0x18 ugui.o
 .text.UG_WindowGetTitleTextVSpace
                0x00000000       0x18 ugui.o
 .text.UG_WindowGetTitleTextAlignment
                0x00000000       0x18 ugui.o
 .text.UG_WindowGetTitleHeight
                0x00000000       0x18 ugui.o
 .text.UG_WindowGetXStart
                0x00000000       0x1e ugui.o
 .text.UG_WindowGetYStart
                0x00000000       0x1e ugui.o
 .text.UG_WindowGetXEnd
                0x00000000       0x1e ugui.o
 .text.UG_WindowGetYEnd
                0x00000000       0x1e ugui.o
 .text.UG_WindowGetStyle
                0x00000000       0x18 ugui.o
 .text.UG_WindowGetArea
                0x00000000       0xa4 ugui.o
 .text._UG_ButtonUpdate
                0x00000000      0x304 ugui.o
 .text._UG_CheckboxUpdate
                0x00000000      0x692 ugui.o
 .text._UG_TextboxUpdate
                0x00000000      0x1c8 ugui.o
 .text._UG_ImageUpdate
                0x00000000      0x134 ugui.o
 .text.UG_WindowGetInnerWidth
                0x00000000       0x3a ugui.o
 .text.UG_WindowGetOuterWidth
                0x00000000       0x2c ugui.o
 .text.UG_WindowGetInnerHeight
                0x00000000       0x44 ugui.o
 .text.UG_WindowGetOuterHeight
                0x00000000       0x2c ugui.o
 .text._UG_WindowDrawTitle
                0x00000000      0x14c ugui.o
 .text._UG_WindowUpdate
                0x00000000      0x10a ugui.o
 .text.UG_Update
                0x00000000       0xf8 ugui.o
 .text._UG_WindowClear
                0x00000000       0x84 ugui.o
 .text.UG_WindowHide
                0x00000000       0xb8 ugui.o
 .rodata.str1.1
                0x00000000        0x2 ugui.o
 .text.UG_ButtonCreate
                0x00000000       0xee ugui.o
 .text.UG_ButtonDelete
                0x00000000        0xa ugui.o
 .text.UG_ButtonShow
                0x00000000       0x1c ugui.o
 .text.UG_ButtonHide
                0x00000000       0x2c ugui.o
 .text.UG_ButtonSetForeColor
                0x00000000       0x32 ugui.o
 .text.UG_ButtonSetBackColor
                0x00000000       0x32 ugui.o
 .text.UG_ButtonSetAlternateForeColor
                0x00000000       0x32 ugui.o
 .text.UG_ButtonSetAlternateBackColor
                0x00000000       0x32 ugui.o
 .text.UG_ButtonSetText
                0x00000000       0x32 ugui.o
 .text.UG_ButtonSetFont
                0x00000000       0x32 ugui.o
 .text.UG_ButtonSetStyle
                0x00000000       0x78 ugui.o
 .text.UG_ButtonSetHSpace
                0x00000000       0x2a ugui.o
 .text.UG_ButtonSetVSpace
                0x00000000       0x2a ugui.o
 .text.UG_ButtonSetAlignment
                0x00000000       0x2a ugui.o
 .text.UG_ButtonGetForeColor
                0x00000000       0x22 ugui.o
 .text.UG_ButtonGetBackColor
                0x00000000       0x22 ugui.o
 .text.UG_ButtonGetAlternateForeColor
                0x00000000       0x22 ugui.o
 .text.UG_ButtonGetAlternateBackColor
                0x00000000       0x22 ugui.o
 .text.UG_ButtonGetText
                0x00000000       0x22 ugui.o
 .text.UG_ButtonGetFont
                0x00000000       0x22 ugui.o
 .text.UG_ButtonGetStyle
                0x00000000       0x1e ugui.o
 .text.UG_ButtonGetHSpace
                0x00000000       0x1e ugui.o
 .text.UG_ButtonGetVSpace
                0x00000000       0x1e ugui.o
 .text.UG_ButtonGetAlignment
                0x00000000       0x1e ugui.o
 .text.UG_CheckboxCreate
                0x00000000       0xf0 ugui.o
 .text.UG_CheckboxDelete
                0x00000000        0xa ugui.o
 .text.UG_CheckboxShow
                0x00000000       0x1c ugui.o
 .text.UG_CheckboxHide
                0x00000000       0x2c ugui.o
 .text.UG_CheckboxSetCheched
                0x00000000       0x2a ugui.o
 .text.UG_CheckboxSetForeColor
                0x00000000       0x32 ugui.o
 .text.UG_CheckboxSetBackColor
                0x00000000       0x32 ugui.o
 .text.UG_CheckboxSetAlternateForeColor
                0x00000000       0x32 ugui.o
 .text.UG_CheckboxSetAlternateBackColor
                0x00000000       0x32 ugui.o
 .text.UG_CheckboxSetText
                0x00000000       0x32 ugui.o
 .text.UG_CheckboxSetFont
                0x00000000       0x32 ugui.o
 .text.UG_CheckboxSetStyle
                0x00000000       0x78 ugui.o
 .text.UG_CheckboxSetHSpace
                0x00000000       0x2a ugui.o
 .text.UG_CheckboxSetVSpace
                0x00000000       0x2a ugui.o
 .text.UG_CheckboxSetAlignment
                0x00000000       0x2a ugui.o
 .text.UG_CheckboxGetChecked
                0x00000000       0x1e ugui.o
 .text.UG_CheckboxGetForeColor
                0x00000000       0x22 ugui.o
 .text.UG_CheckboxGetBackColor
                0x00000000       0x22 ugui.o
 .text.UG_CheckboxGetAlternateForeColor
                0x00000000       0x22 ugui.o
 .text.UG_CheckboxGetAlternateBackColor
                0x00000000       0x22 ugui.o
 .text.UG_CheckboxGetText
                0x00000000       0x22 ugui.o
 .text.UG_CheckboxGetFont
                0x00000000       0x22 ugui.o
 .text.UG_CheckboxGetStyle
                0x00000000       0x1e ugui.o
 .text.UG_CheckboxGetHSpace
                0x00000000       0x1e ugui.o
 .text.UG_CheckboxGetVSpace
                0x00000000       0x1e ugui.o
 .text.UG_CheckboxGetAlignment
                0x00000000       0x1e ugui.o
 .text.UG_TextboxCreate
                0x00000000       0xd2 ugui.o
 .text.UG_TextboxDelete
                0x00000000        0xa ugui.o
 .text.UG_TextboxShow
                0x00000000       0x1c ugui.o
 .text.UG_TextboxHide
                0x00000000       0x1e ugui.o
 .text.UG_TextboxSetForeColor
                0x00000000       0x32 ugui.o
 .text.UG_TextboxSetBackColor
                0x00000000       0x32 ugui.o
 .text.UG_TextboxSetText
                0x00000000       0x2e ugui.o
 .text.UG_TextboxSetFont
                0x00000000       0x32 ugui.o
 .text.UG_TextboxSetHSpace
                0x00000000       0x2a ugui.o
 .text.UG_TextboxSetVSpace
                0x00000000       0x2a ugui.o
 .text.UG_TextboxSetAlignment
                0x00000000       0x2a ugui.o
 .text.UG_TextboxGetForeColor
                0x00000000       0x22 ugui.o
 .text.UG_TextboxGetBackColor
                0x00000000       0x22 ugui.o
 .text.UG_TextboxGetText
                0x00000000       0x22 ugui.o
 .text.UG_TextboxGetFont
                0x00000000       0x22 ugui.o
 .text.UG_TextboxGetHSpace
                0x00000000       0x1e ugui.o
 .text.UG_TextboxGetVSpace
                0x00000000       0x1e ugui.o
 .text.UG_TextboxGetAlignment
                0x00000000       0x1e ugui.o
 .text.UG_ImageCreate
                0x00000000       0x8e ugui.o
 .text.UG_ImageDelete
                0x00000000        0xa ugui.o
 .text.UG_ImageShow
                0x00000000       0x1c ugui.o
 .text.UG_ImageHide
                0x00000000       0x1e ugui.o
 .text.UG_ImageSetBMP
                0x00000000       0x36 ugui.o
 .bss.msg.2864  0x00000000        0x6 ugui.o
 .rodata.pal_checkbox_released
                0x00000000       0x18 ugui.o
 .rodata.pal_checkbox_pressed
                0x00000000       0x18 ugui.o
 .rodata.pal_button_released
                0x00000000       0x18 ugui.o
 .rodata.pal_button_pressed
                0x00000000       0x18 ugui.o
 .rodata.pal_window
                0x00000000       0x18 ugui.o
 .rodata.RFONT_5X8
                0x00000000        0xd ugui.o
 .progmem.data.font_5x8R
                0x00000000      0x300 ugui.o
 .text          0x00000000        0x0 c:/program files (x86)/atmel/studio/7.0/toolchain/avr8/avr8-gnu-toolchain/bin/../lib/gcc/avr/5.4.0/avr5\libgcc.a(_udivmodsi4.o)
 .data          0x00000000        0x0 c:/program files (x86)/atmel/studio/7.0/toolchain/avr8/avr8-gnu-toolchain/bin/../lib/gcc/avr/5.4.0/avr5\libgcc.a(_udivmodsi4.o)
 .bss           0x00000000        0x0 c:/program files (x86)/atmel/studio/7.0/toolchain/avr8/avr8-gnu-toolchain/bin/../lib/gcc/avr/5.4.0/avr5\libgcc.a(_udivmodsi4.o)
 .text.libgcc.mul
                0x00000000        0x0 c:/program files (x86)/atmel/studio/7.0/toolchain/avr8/avr8-gnu-toolchain/bin/../lib/gcc/avr/5.4.0/avr5\libgcc.a(_udivmodsi4.o)
 .text.libgcc.div
                0x00000000       0x44 c:/program files (x86)/atmel/studio/7.0/toolchain/avr8/avr8-gnu-toolchain/bin/../lib/gcc/avr/5.4.0/avr5\libgcc.a(_udivmodsi4.o)
 .text.libgcc   0x00000000        0x0 c:/program files (x86)/atmel/studio/7.0/toolchain/avr8/avr8-gnu-toolchain/bin/../lib/gcc/avr/5.4.0/avr5\libgcc.a(_udivmodsi4.o)
 .text.libgcc.prologue
                0x00000000        0x0 c:/program files (x86)/atmel/studio/7.0/toolchain/avr8/avr8-gnu-toolchain/bin/../lib/gcc/avr/5.4.0/avr5\libgcc.a(_udivmodsi4.o)
 .text.libgcc.builtins
                0x00000000        0x0 c:/program files (x86)/atmel/studio/7.0/toolchain/avr8/avr8-gnu-toolchain/bin/../lib/gcc/avr/5.4.0/avr5\libgcc.a(_udivmodsi4.o)
 .text.libgcc.fmul
                0x00000000        0x0 c:/program files (x86)/atmel/studio/7.0/toolchain/avr8/avr8-gnu-toolchain/bin/../lib/gcc/avr/5.4.0/avr5\libgcc.a(_udivmodsi4.o)
 .text.libgcc.fixed
                0x00000000        0x0 c:/program files (x86)/atmel/studio/7.0/toolchain/avr8/avr8-gnu-toolchain/bin/../lib/gcc/avr/5.4.0/avr5\libgcc.a(_udivmodsi4.o)
 .text          0x00000000        0x0 c:/program files (x86)/atmel/studio/7.0/toolchain/avr8/avr8-gnu-toolchain/bin/../lib/gcc/avr/5.4.0/avr5\libgcc.a(_exit.o)
 .data          0x00000000        0x0 c:/program files (x86)/atmel/studio/7.0/toolchain/avr8/avr8-gnu-toolchain/bin/../lib/gcc/avr/5.4.0/avr5\libgcc.a(_exit.o)
 .bss           0x00000000        0x0 c:/program files (x86)/atmel/studio/7.0/toolchain/avr8/avr8-gnu-toolchain/bin/../lib/gcc/avr/5.4.0/avr5\libgcc.a(_exit.o)
 .text.libgcc.mul
                0x00000000        0x0 c:/program files (x86)/atmel/studio/7.0/toolchain/avr8/avr8-gnu-toolchain/bin/../lib/gcc/avr/5.4.0/avr5\libgcc.a(_exit.o)
 .text.libgcc.div
                0x00000000        0x0 c:/program files (x86)/atmel/studio/7.0/toolchain/avr8/avr8-gnu-toolchain/bin/../lib/gcc/avr/5.4.0/avr5\libgcc.a(_exit.o)
 .text.libgcc   0x00000000        0x0 c:/program files (x86)/atmel/studio/7.0/toolchain/avr8/avr8-gnu-toolchain/bin/../lib/gcc/avr/5.4.0/avr5\libgcc.a(_exit.o)
 .text.libgcc.prologue
                0x00000000        0x0 c:/program files (x86)/atmel/studio/7.0/toolchain/avr8/avr8-gnu-toolchain/bin/../lib/gcc/avr/5.4.0/avr5\libgcc.a(_exit.o)
 .text.libgcc.builtins
                0x00000000        0x0 c:/program files (x86)/atmel/studio/7.0/toolchain/avr8/avr8-gnu-toolchain/bin/../lib/gcc/avr/5.4.0/avr5\libgcc.a(_exit.o)
 .text.libgcc.fmul
                0x00000000        0x0 c:/program files (x86)/atmel/studio/7.0/toolchain/avr8/avr8-gnu-toolchain/bin/../lib/gcc/avr/5.4.0/avr5\libgcc.a(_exit.o)
 .text.libgcc.fixed
                0x00000000        0x0 c:/program files (x86)/atmel/studio/7.0/toolchain/avr8/avr8-gnu-toolchain/bin/../lib/gcc/avr/5.4.0/avr5\libgcc.a(_exit.o)
 .text          0x00000000        0x0 c:/program files (x86)/atmel/studio/7.0/toolchain/avr8/avr8-gnu-toolchain/bin/../lib/gcc/avr/5.4.0/avr5\libgcc.a(_tablejump2.o)
 .data          0x00000000        0x0 c:/program files (x86)/atmel/studio/7.0/toolchain/avr8/avr8-gnu-toolchain/bin/../lib/gcc/avr/5.4.0/avr5\libgcc.a(_tablejump2.o)
 .bss           0x00000000        0x0 c:/program files (x86)/atmel/studio/7.0/toolchain/avr8/avr8-gnu-toolchain/bin/../lib/gcc/avr/5.4.0/avr5\libgcc.a(_tablejump2.o)
 .text.libgcc.mul
                0x00000000        0x0 c:/program files (x86)/atmel/studio/7.0/toolchain/avr8/avr8-gnu-toolchain/bin/../lib/gcc/avr/5.4.0/avr5\libgcc.a(_tablejump2.o)
 .text.libgcc.div
                0x00000000        0x0 c:/program files (x86)/atmel/studio/7.0/toolchain/avr8/avr8-gnu-toolchain/bin/../lib/gcc/avr/5.4.0/avr5\libgcc.a(_tablejump2.o)
 .text.libgcc.prologue
                0x00000000        0x0 c:/program files (x86)/atmel/studio/7.0/toolchain/avr8/avr8-gnu-toolchain/bin/../lib/gcc/avr/5.4.0/avr5\libgcc.a(_tablejump2.o)
 .text.libgcc.builtins
                0x00000000        0x0 c:/program files (x86)/atmel/studio/7.0/toolchain/avr8/avr8-gnu-toolchain/bin/../lib/gcc/avr/5.4.0/avr5\libgcc.a(_tablejump2.o)
 .text.libgcc.fmul
                0x00000000        0x0 c:/program files (x86)/atmel/studio/7.0/toolchain/avr8/avr8-gnu-toolchain/bin/../lib/gcc/avr/5.4.0/avr5\libgcc.a(_tablejump2.o)
 .text.libgcc.fixed
                0x00000000        0x0 c:/program files (x86)/atmel/studio/7.0/toolchain/avr8/avr8-gnu-toolchain/bin/../lib/gcc/avr/5.4.0/avr5\libgcc.a(_tablejump2.o)
 .text          0x00000000        0x0 c:/program files (x86)/atmel/studio/7.0/toolchain/avr8/avr8-gnu-toolchain/bin/../lib/gcc/avr/5.4.0/avr5\libgcc.a(_copy_data.o)
 .data          0x00000000        0x0 c:/program files (x86)/atmel/studio/7.0/toolchain/avr8/avr8-gnu-toolchain/bin/../lib/gcc/avr/5.4.0/avr5\libgcc.a(_copy_data.o)
 .bss           0x00000000        0x0 c:/program files (x86)/atmel/studio/7.0/toolchain/avr8/avr8-gnu-toolchain/bin/../lib/gcc/avr/5.4.0/avr5\libgcc.a(_copy_data.o)
 .text.libgcc.mul
                0x00000000        0x0 c:/program files (x86)/atmel/studio/7.0/toolchain/avr8/avr8-gnu-toolchain/bin/../lib/gcc/avr/5.4.0/avr5\libgcc.a(_copy_data.o)
 .text.libgcc.div
                0x00000000        0x0 c:/program files (x86)/atmel/studio/7.0/toolchain/avr8/avr8-gnu-toolchain/bin/../lib/gcc/avr/5.4.0/avr5\libgcc.a(_copy_data.o)
 .text.libgcc   0x00000000        0x0 c:/program files (x86)/atmel/studio/7.0/toolchain/avr8/avr8-gnu-toolchain/bin/../lib/gcc/avr/5.4.0/avr5\libgcc.a(_copy_data.o)
 .text.libgcc.prologue
                0x00000000        0x0 c:/program files (x86)/atmel/studio/7.0/toolchain/avr8/avr8-gnu-toolchain/bin/../lib/gcc/avr/5.4.0/avr5\libgcc.a(_copy_data.o)
 .text.libgcc.builtins
                0x00000000        0x0 c:/program files (x86)/atmel/studio/7.0/toolchain/avr8/avr8-gnu-toolchain/bin/../lib/gcc/avr/5.4.0/avr5\libgcc.a(_copy_data.o)
 .text.libgcc.fmul
                0x00000000        0x0 c:/program files (x86)/atmel/studio/7.0/toolchain/avr8/avr8-gnu-toolchain/bin/../lib/gcc/avr/5.4.0/avr5\libgcc.a(_copy_data.o)
 .text.libgcc.fixed
                0x00000000        0x0 c:/program files (x86)/atmel/studio/7.0/toolchain/avr8/avr8-gnu-toolchain/bin/../lib/gcc/avr/5.4.0/avr5\libgcc.a(_copy_data.o)
 .text          0x00000000        0x0 c:/program files (x86)/atmel/studio/7.0/toolchain/avr8/avr8-gnu-toolchain/bin/../lib/gcc/avr/5.4.0/avr5\libgcc.a(_clear_bss.o)
 .data          0x00000000        0x0 c:/program files (x86)/atmel/studio/7.0/toolchain/avr8/avr8-gnu-toolchain/bin/../lib/gcc/avr/5.4.0/avr5\libgcc.a(_clear_bss.o)
 .bss           0x00000000        0x0 c:/program files (x86)/atmel/studio/7.0/toolchain/avr8/avr8-gnu-toolchain/bin/../lib/gcc/avr/5.4.0/avr5\libgcc.a(_clear_bss.o)
 .text.libgcc.mul
                0x00000000        0x0 c:/program files (x86)/atmel/studio/7.0/toolchain/avr8/avr8-gnu-toolchain/bin/../lib/gcc/avr/5.4.0/avr5\libgcc.a(_clear_bss.o)
 .text.libgcc.div
                0x00000000        0x0 c:/program files (x86)/atmel/studio/7.0/toolchain/avr8/avr8-gnu-toolchain/bin/../lib/gcc/avr/5.4.0/avr5\libgcc.a(_clear_bss.o)
 .text.libgcc   0x00000000        0x0 c:/program files (x86)/atmel/studio/7.0/toolchain/avr8/avr8-gnu-toolchain/bin/../lib/gcc/avr/5.4.0/avr5\libgcc.a(_clear_bss.o)
 .text.libgcc.prologue
                0x00000000        0x0 c:/program files (x86)/atmel/studio/7.0/toolchain/avr8/avr8-gnu-toolchain/bin/../lib/gcc/avr/5.4.0/avr5\libgcc.a(_clear_bss.o)
 .text.libgcc.builtins
                0x00000000        0x0 c:/program files (x86)/atmel/studio/7.0/toolchain/avr8/avr8-gnu-toolchain/bin/../lib/gcc/avr/5.4.0/avr5\libgcc.a(_clear_bss.o)
 .text.libgcc.fmul
                0x00000000        0x0 c:/program files (x86)/atmel/studio/7.0/toolchain/avr8/avr8-gnu-toolchain/bin/../lib/gcc/avr/5.4.0/avr5\libgcc.a(_clear_bss.o)
 .text.libgcc.fixed
                0x00000000        0x0 c:/program files (x86)/atmel/studio/7.0/toolchain/avr8/avr8-gnu-toolchain/bin/../lib/gcc/avr/5.4.0/avr5\libgcc.a(_clear_bss.o)
 .text          0x00000000        0x0 c:/program files (x86)/atmel/studio/7.0/toolchain/avr8/avr8-gnu-toolchain/bin/../lib/gcc/avr/5.4.0/avr5\libgcc.a(_umulhisi3.o)
 .data          0x00000000        0x0 c:/program files (x86)/atmel/studio/7.0/toolchain/avr8/avr8-gnu-toolchain/bin/../lib/gcc/avr/5.4.0/avr5\libgcc.a(_umulhisi3.o)
 .bss           0x00000000        0x0 c:/program files (x86)/atmel/studio/7.0/toolchain/avr8/avr8-gnu-toolchain/bin/../lib/gcc/avr/5.4.0/avr5\libgcc.a(_umulhisi3.o)
 .text.libgcc.mul
                0x00000000       0x1e c:/program files (x86)/atmel/studio/7.0/toolchain/avr8/avr8-gnu-toolchain/bin/../lib/gcc/avr/5.4.0/avr5\libgcc.a(_umulhisi3.o)
 .text.libgcc.div
                0x00000000        0x0 c:/program files (x86)/atmel/studio/7.0/toolchain/avr8/avr8-gnu-toolchain/bin/../lib/gcc/avr/5.4.0/avr5\libgcc.a(_umulhisi3.o)
 .text.libgcc   0x00000000        0x0 c:/program files (x86)/atmel/studio/7.0/toolchain/avr8/avr8-gnu-toolchain/bin/../lib/gcc/avr/5.4.0/avr5\libgcc.a(_umulhisi3.o)
 .text.libgcc.prologue
                0x00000000        0x0 c:/program files (x86)/atmel/studio/7.0/toolchain/avr8/avr8-gnu-toolchain/bin/../lib/gcc/avr/5.4.0/avr5\libgcc.a(_umulhisi3.o)
 .text.libgcc.builtins
                0x00000000        0x0 c:/program files (x86)/atmel/studio/7.0/toolchain/avr8/avr8-gnu-toolchain/bin/../lib/gcc/avr/5.4.0/avr5\libgcc.a(_umulhisi3.o)
 .text.libgcc.fmul
                0x00000000        0x0 c:/program files (x86)/atmel/studio/7.0/toolchain/avr8/avr8-gnu-toolchain/bin/../lib/gcc/avr/5.4.0/avr5\libgcc.a(_umulhisi3.o)
 .text.libgcc.fixed
                0x00000000        0x0 c:/program files (x86)/atmel/studio/7.0/toolchain/avr8/avr8-gnu-toolchain/bin/../lib/gcc/avr/5.4.0/avr5\libgcc.a(_umulhisi3.o)
 .text          0x00000000        0x0 c:/program files (x86)/atmel/studio/7.0/toolchain/avr8/avr8-gnu-toolchain/bin/../lib/gcc/avr/5.4.0/avr5\libgcc.a(_muluhisi3.o)
 .data          0x00000000        0x0 c:/program files (x86)/atmel/studio/7.0/toolchain/avr8/avr8-gnu-toolchain/bin/../lib/gcc/avr/5.4.0/avr5\libgcc.a(_muluhisi3.o)
 .bss           0x00000000        0x0 c:/program files (x86)/atmel/studio/7.0/toolchain/avr8/avr8-gnu-toolchain/bin/../lib/gcc/avr/5.4.0/avr5\libgcc.a(_muluhisi3.o)
 .text.libgcc.mul
                0x00000000       0x16 c:/program files (x86)/atmel/studio/7.0/toolchain/avr8/avr8-gnu-toolchain/bin/../lib/gcc/avr/5.4.0/avr5\libgcc.a(_muluhisi3.o)
 .text.libgcc.div
                0x00000000        0x0 c:/program files (x86)/atmel/studio/7.0/toolchain/avr8/avr8-gnu-toolchain/bin/../lib/gcc/avr/5.4.0/avr5\libgcc.a(_muluhisi3.o)
 .text.libgcc   0x00000000        0x0 c:/program files (x86)/atmel/studio/7.0/toolchain/avr8/avr8-gnu-toolchain/bin/../lib/gcc/avr/5.4.0/avr5\libgcc.a(_muluhisi3.o)
 .text.libgcc.prologue
                0x00000000        0x0 c:/program files (x86)/atmel/studio/7.0/toolchain/avr8/avr8-gnu-toolchain/bin/../lib/gcc/avr/5.4.0/avr5\libgcc.a(_muluhisi3.o)
 .text.libgcc.builtins
                0x00000000        0x0 c:/program files (x86)/atmel/studio/7.0/toolchain/avr8/avr8-gnu-toolchain/bin/../lib/gcc/avr/5.4.0/avr5\libgcc.a(_muluhisi3.o)
 .text.libgcc.fmul
                0x00000000        0x0 c:/program files (x86)/atmel/studio/7.0/toolchain/avr8/avr8-gnu-toolchain/bin/../lib/gcc/avr/5.4.0/avr5\libgcc.a(_muluhisi3.o)
 .text.libgcc.fixed
                0x00000000        0x0 c:/program files (x86)/atmel/studio/7.0/toolchain/avr8/avr8-gnu-toolchain/bin/../lib/gcc/avr/5.4.0/avr5\libgcc.a(_muluhisi3.o)
 .text          0x00000000        0x0 c:/program files (x86)/atmel/studio/7.0/toolchain/avr8/avr8-gnu-toolchain/bin/../lib/gcc/avr/5.4.0/../../../../avr/lib/avr5\libc.a(iob.o)
 .data          0x00000000        0x0 c:/program files (x86)/atmel/studio/7.0/toolchain/avr8/avr8-gnu-toolchain/bin/../lib/gcc/avr/5.4.0/../../../../avr/lib/avr5\libc.a(iob.o)
 .bss           0x00000000        0x0 c:/program files (x86)/atmel/studio/7.0/toolchain/avr8/avr8-gnu-toolchain/bin/../lib/gcc/avr/5.4.0/../../../../avr/lib/avr5\libc.a(iob.o)
 .text          0x00000000        0x0 c:/program files (x86)/atmel/studio/7.0/toolchain/avr8/avr8-gnu-toolchain/bin/../lib/gcc/avr/5.4.0/../../../../avr/lib/avr5\libc.a(sprintf.o)
 .data          0x00000000        0x0 c:/program files (x86)/atmel/studio/7.0/toolchain/avr8/avr8-gnu-toolchain/bin/../lib/gcc/avr/5.4.0/../../../../avr/lib/avr5\libc.a(sprintf.o)
 .bss           0x00000000        0x0 c:/program files (x86)/atmel/studio/7.0/toolchain/avr8/avr8-gnu-toolchain/bin/../lib/gcc/avr/5.4.0/../../../../avr/lib/avr5\libc.a(sprintf.o)
 .text          0x00000000        0x0 c:/program files (x86)/atmel/studio/7.0/toolchain/avr8/avr8-gnu-toolchain/bin/../lib/gcc/avr/5.4.0/../../../../avr/lib/avr5\libc.a(vfprintf_std.o)
 .data          0x00000000        0x0 c:/program files (x86)/atmel/studio/7.0/toolchain/avr8/avr8-gnu-toolchain/bin/../lib/gcc/avr/5.4.0/../../../../avr/lib/avr5\libc.a(vfprintf_std.o)
 .bss           0x00000000        0x0 c:/program files (x86)/atmel/studio/7.0/toolchain/avr8/avr8-gnu-toolchain/bin/../lib/gcc/avr/5.4.0/../../../../avr/lib/avr5\libc.a(vfprintf_std.o)
 .text          0x00000000        0x0 c:/program files (x86)/atmel/studio/7.0/toolchain/avr8/avr8-gnu-toolchain/bin/../lib/gcc/avr/5.4.0/../../../../avr/lib/avr5\libc.a(strnlen_P.o)
 .data          0x00000000        0x0 c:/program files (x86)/atmel/studio/7.0/toolchain/avr8/avr8-gnu-toolchain/bin/../lib/gcc/avr/5.4.0/../../../../avr/lib/avr5\libc.a(strnlen_P.o)
 .bss           0x00000000        0x0 c:/program files (x86)/atmel/studio/7.0/toolchain/avr8/avr8-gnu-toolchain/bin/../lib/gcc/avr/5.4.0/../../../../avr/lib/avr5\libc.a(strnlen_P.o)
 .text          0x00000000        0x0 c:/program files (x86)/atmel/studio/7.0/toolchain/avr8/avr8-gnu-toolchain/bin/../lib/gcc/avr/5.4.0/../../../../avr/lib/avr5\libc.a(strnlen.o)
 .data          0x00000000        0x0 c:/program files (x86)/atmel/studio/7.0/toolchain/avr8/avr8-gnu-toolchain/bin/../lib/gcc/avr/5.4.0/../../../../avr/lib/avr5\libc.a(strnlen.o)
 .bss           0x00000000        0x0 c:/program files (x86)/atmel/studio/7.0/toolchain/avr8/avr8-gnu-toolchain/bin/../lib/gcc/avr/5.4.0/../../../../avr/lib/avr5\libc.a(strnlen.o)
 .text          0x00000000        0x0 c:/program files (x86)/atmel/studio/7.0/toolchain/avr8/avr8-gnu-toolchain/bin/../lib/gcc/avr/5.4.0/../../../../avr/lib/avr5\libc.a(fputc.o)
 .data          0x00000000        0x0 c:/program files (x86)/atmel/studio/7.0/toolchain/avr8/avr8-gnu-toolchain/bin/../lib/gcc/avr/5.4.0/../../../../avr/lib/avr5\libc.a(fputc.o)
 .bss           0x00000000        0x0 c:/program files (x86)/atmel/studio/7.0/toolchain/avr8/avr8-gnu-toolchain/bin/../lib/gcc/avr/5.4.0/../../../../avr/lib/avr5\libc.a(fputc.o)
 .text          0x00000000        0x0 c:/program files (x86)/atmel/studio/7.0/toolchain/avr8/avr8-gnu-toolchain/bin/../lib/gcc/avr/5.4.0/../../../../avr/lib/avr5\libc.a(ultoa_invert.o)
 .data          0x00000000        0x0 c:/program files (x86)/atmel/studio/7.0/toolchain/avr8/avr8-gnu-toolchain/bin/../lib/gcc/avr/5.4.0/../../../../avr/lib/avr5\libc.a(ultoa_invert.o)
 .bss           0x00000000        0x0 c:/program files (x86)/atmel/studio/7.0/toolchain/avr8/avr8-gnu-toolchain/bin/../lib/gcc/avr/5.4.0/../../../../avr/lib/avr5\libc.a(ultoa_invert.o)
 .text          0x00000000        0x0 c:/program files (x86)/atmel/studio/7.0/toolchain/avr8/avr8-gnu-toolchain/bin/../lib/gcc/avr/5.4.0/avr5\libgcc.a(_prologue.o)
 .data          0x00000000        0x0 c:/program files (x86)/atmel/studio/7.0/toolchain/avr8/avr8-gnu-toolchain/bin/../lib/gcc/avr/5.4.0/avr5\libgcc.a(_prologue.o)
 .bss           0x00000000        0x0 c:/program files (x86)/atmel/studio/7.0/toolchain/avr8/avr8-gnu-toolchain/bin/../lib/gcc/avr/5.4.0/avr5\libgcc.a(_prologue.o)
 .text.libgcc.mul
                0x00000000        0x0 c:/program files (x86)/atmel/studio/7.0/toolchain/avr8/avr8-gnu-toolchain/bin/../lib/gcc/avr/5.4.0/avr5\libgcc.a(_prologue.o)
 .text.libgcc.div
                0x00000000        0x0 c:/program files (x86)/atmel/studio/7.0/toolchain/avr8/avr8-gnu-toolchain/bin/../lib/gcc/avr/5.4.0/avr5\libgcc.a(_prologue.o)
 .text.libgcc   0x00000000        0x0 c:/program files (x86)/atmel/studio/7.0/toolchain/avr8/avr8-gnu-toolchain/bin/../lib/gcc/avr/5.4.0/avr5\libgcc.a(_prologue.o)
 .text.libgcc.builtins
                0x00000000        0x0 c:/program files (x86)/atmel/studio/7.0/toolchain/avr8/avr8-gnu-toolchain/bin/../lib/gcc/avr/5.4.0/avr5\libgcc.a(_prologue.o)
 .text.libgcc.fmul
                0x00000000        0x0 c:/program files (x86)/atmel/studio/7.0/toolchain/avr8/avr8-gnu-toolchain/bin/../lib/gcc/avr/5.4.0/avr5\libgcc.a(_prologue.o)
 .text.libgcc.fixed
                0x00000000        0x0 c:/program files (x86)/atmel/studio/7.0/toolchain/avr8/avr8-gnu-toolchain/bin/../lib/gcc/avr/5.4.0/avr5\libgcc.a(_prologue.o)
 .text          0x00000000        0x0 c:/program files (x86)/atmel/studio/7.0/toolchain/avr8/avr8-gnu-toolchain/bin/../lib/gcc/avr/5.4.0/avr5\libgcc.a(_epilogue.o)
 .data          0x00000000        0x0 c:/program files (x86)/atmel/studio/7.0/toolchain/avr8/avr8-gnu-toolchain/bin/../lib/gcc/avr/5.4.0/avr5\libgcc.a(_epilogue.o)
 .bss           0x00000000        0x0 c:/program files (x86)/atmel/studio/7.0/toolchain/avr8/avr8-gnu-toolchain/bin/../lib/gcc/avr/5.4.0/avr5\libgcc.a(_epilogue.o)
 .text.libgcc.mul
                0x00000000        0x0 c:/program files (x86)/atmel/studio/7.0/toolchain/avr8/avr8-gnu-toolchain/bin/../lib/gcc/avr/5.4.0/avr5\libgcc.a(_epilogue.o)
 .text.libgcc.div
                0x00000000        0x0 c:/program files (x86)/atmel/studio/7.0/toolchain/avr8/avr8-gnu-toolchain/bin/../lib/gcc/avr/5.4.0/avr5\libgcc.a(_epilogue.o)
 .text.libgcc   0x00000000        0x0 c:/program files (x86)/atmel/studio/7.0/toolchain/avr8/avr8-gnu-toolchain/bin/../lib/gcc/avr/5.4.0/avr5\libgcc.a(_epilogue.o)
 .text.libgcc.builtins
                0x00000000        0x0 c:/program files (x86)/atmel/studio/7.0/toolchain/avr8/avr8-gnu-toolchain/bin/../lib/gcc/avr/5.4.0/avr5\libgcc.a(_epilogue.o)
 .text.libgcc.fmul
                0x00000000        0x0 c:/program files (x86)/atmel/studio/7.0/toolchain/avr8/avr8-gnu-toolchain/bin/../lib/gcc/avr/5.4.0/avr5\libgcc.a(_epilogue.o)
 .text.libgcc.fixed
                0x00000000        0x0 c:/program files (x86)/atmel/studio/7.0/toolchain/avr8/avr8-gnu-toolchain/bin/../lib/gcc/avr/5.4.0/avr5\libgcc.a(_epilogue.o)

Memory Configuration

Name             Origin             Length             Attributes
text             0x00000000         0x00020000         xr
data             0x00800060         0x0000ffa0         rw !x
eeprom           0x00810000         0x00010000         rw !x
fuse             0x00820000         0x00000003         rw !x
lock             0x00830000         0x00000400         rw !x
signature        0x00840000         0x00000400         rw !x
user_signatures  0x00850000         0x00000400         rw !x
*default*        0x00000000         0xffffffff

Linker script and memory map

Address of section .data set to 0x800100
LOAD C:/Program Files (x86)/Atmel/Studio/7.0/Packs/atmel/ATmega_DFP/1.3.300/gcc/dev/atmega328pb/avr5/crtatmega328pb.o
LOAD ADCHandler.o
LOAD GuiHandler.o
LOAD LCD_Ili9341.o
LOAD main.o
LOAD MMINIT.o
LOAD systime.o
LOAD TimeHandler.o
LOAD ugui.o
START GROUP
LOAD c:/program files (x86)/atmel/studio/7.0/toolchain/avr8/avr8-gnu-toolchain/bin/../lib/gcc/avr/5.4.0/../../../../avr/lib/avr5\libm.a
END GROUP
START GROUP
LOAD c:/program files (x86)/atmel/studio/7.0/toolchain/avr8/avr8-gnu-toolchain/bin/../lib/gcc/avr/5.4.0/avr5\libgcc.a
LOAD c:/program files (x86)/atmel/studio/7.0/toolchain/avr8/avr8-gnu-toolchain/bin/../lib/gcc/avr/5.4.0/../../../../avr/lib/avr5\libm.a
LOAD c:/program files (x86)/atmel/studio/7.0/toolchain/avr8/avr8-gnu-toolchain/bin/../lib/gcc/avr/5.4.0/../../../../avr/lib/avr5\libc.a
LOAD C:/Program Files (x86)/Atmel/Studio/7.0/Packs/atmel/ATmega_DFP/1.3.300/gcc/dev/atmega328pb/avr5\libatmega328pb.a
END GROUP
                0x00000000                __TEXT_REGION_ORIGIN__ = DEFINED (__TEXT_REGION_ORIGIN__)?__TEXT_REGION_ORIGIN__:0x0
                0x00800060                __DATA_REGION_ORIGIN__ = DEFINED (__DATA_REGION_ORIGIN__)?__DATA_REGION_ORIGIN__:0x800060
                0x00020000                __TEXT_REGION_LENGTH__ = DEFINED (__TEXT_REGION_LENGTH__)?__TEXT_REGION_LENGTH__:0x20000
                0x0000ffa0                __DATA_REGION_LENGTH__ = DEFINED (__DATA_REGION_LENGTH__)?__DATA_REGION_LENGTH__:0xffa0
                0x00010000                __EEPROM_REGION_LENGTH__ = DEFINED (__EEPROM_REGION_LENGTH__)?__EEPROM_REGION_LENGTH__:0x10000
                [0x00000003]                __FUSE_REGION_LENGTH__ = DEFINED (__FUSE_REGION_LENGTH__)?__FUSE_REGION_LENGTH__:0x400
                0x00000400                __LOCK_REGION_LENGTH__ = DEFINED (__LOCK_REGION_LENGTH__)?__LOCK_REGION_LENGTH__:0x400
                0x00000400                __SIGNATURE_REGION_LENGTH__ = DEFINED (__SIGNATURE_REGION_LENGTH__)?__SIGNATURE_REGION_LENGTH__:0x400
                0x00000400                __USER_SIGNATURE_REGION_LENGTH__ = DEFINED (__USER_SIGNATURE_REGION_LENGTH__)?__USER_SIGNATURE_REGION_LENGTH__:0x400

.hash
 *(.hash)

.dynsym
 *(.dynsym)

.dynstr
 *(.dynstr)

.gnu.version
 *(.gnu.version)

.gnu.version_d
 *(.gnu.version_d)

.gnu.version_r
 *(.gnu.version_r)

.rel.init
 *(.rel.init)

.rela.init
 *(.rela.init)

.rel.text
 *(.rel.text)
 *(.rel.text.*)
 *(.rel.gnu.linkonce.t*)

.rela.text
 *(.rela.text)
 *(.rela.text.*)
 *(.rela.gnu.linkonce.t*)

.rel.fini
 *(.rel.fini)

.rela.fini
 *(.rela.fini)

.rel.rodata
 *(.rel.rodata)
 *(.rel.rodata.*)
 *(.rel.gnu.linkonce.r*)

.rela.rodata
 *(.rela.rodata)
 *(.rela.rodata.*)
 *(.rela.gnu.linkonce.r*)

.rel.data
 *(.rel.data)
 *(.rel.data.*)
 *(.rel.gnu.linkonce.d*)

.rela.data
 *(.rela.data)
 *(.rela.data.*)
 *(.rela.gnu.linkonce.d*)

.rel.ctors
 *(.rel.ctors)

.rela.ctors
 *(.rela.ctors)

.rel.dtors
 *(.rel.dtors)

.rela.dtors
 *(.rela.dtors)

.rel.got
 *(.rel.got)

.rela.got
 *(.rela.got)

.rel.bss
 *(.rel.bss)

.rela.bss
 *(.rela.bss)

.rel.plt
 *(.rel.plt)

.rela.plt
 *(.rela.plt)

.text           0x00000000     0x3888
 *(.vectors)
 .vectors       0x00000000       0xb4 C:/Program Files (x86)/Atmel/Studio/7.0/Packs/atmel/ATmega_DFP/1.3.300/gcc/dev/atmega328pb/avr5/crtatmega328pb.o
                0x00000000                __vector_default
                0x00000000                __vectors
 *(.vectors)
 *(.progmem.gcc*)
 .progmem.gcc_sw_table._UG_PutChar
                0x000000b4       0x9a ugui.o
                0x0000014e                . = ALIGN (0x2)
                0x0000014e                __trampolines_start = .
 *(.trampolines)
 .trampolines   0x0000014e        0x0 linker stubs
 *(.trampolines*)
                0x0000014e                __trampolines_end = .
 *libprintf_flt.a:*(.progmem.data)
 *libc.a:*(.progmem.data)
 *(.progmem*)
 .progmem.data.font_16x26R
                0x0000014e     0x1380 ugui.o
                0x0000014e                font_16x26R
 .progmem.data.font_8x12R
                0x000014ce      0x480 ugui.o
                0x000014ce                font_8x12R
                0x0000194e                . = ALIGN (0x2)
 *(.jumptables)
 *(.jumptables*)
 *(.lowtext)
 *(.lowtext*)
                0x0000194e                __ctors_start = .
 *(.ctors)
                0x0000194e                __ctors_end = .
                0x0000194e                __dtors_start = .
 *(.dtors)
                0x0000194e                __dtors_end = .
 SORT(*)(.ctors)
 SORT(*)(.dtors)
 *(.init0)
 .init0         0x0000194e        0x0 C:/Program Files (x86)/Atmel/Studio/7.0/Packs/atmel/ATmega_DFP/1.3.300/gcc/dev/atmega328pb/avr5/crtatmega328pb.o
                0x0000194e                __init
 *(.init0)
 *(.init1)
 *(.init1)
 *(.init2)
 .init2         0x0000194e        0xc C:/Program Files (x86)/Atmel/Studio/7.0/Packs/atmel/ATmega_DFP/1.3.300/gcc/dev/atmega328pb/avr5/crtatmega328pb.o
 *(.init2)
 *(.init3)
 *(.init3)
 *(.init4)
 .init4         0x0000195a       0x16 c:/program files (x86)/atmel/studio/7.0/toolchain/avr8/avr8-gnu-toolchain/bin/../lib/gcc/avr/5.4.0/avr5\libgcc.a(_copy_data.o)
                0x0000195a                __do_copy_data
 .init4         0x00001970       0x10 c:/program files (x86)/atmel/studio/7.0/toolchain/avr8/avr8-gnu-toolchain/bin/../lib/gcc/avr/5.4.0/avr5\libgcc.a(_clear_bss.o)
                0x00001970                __do_clear_bss
 *(.init4)
 *(.init5)
 *(.init5)
 *(.init6)
 *(.init6)
 *(.init7)
 *(.init7)
 *(.init8)
 *(.init8)
 *(.init9)
 .init9         0x00001980        0x8 C:/Program Files (x86)/Atmel/Studio/7.0/Packs/atmel/ATmega_DFP/1.3.300/gcc/dev/atmega328pb/avr5/crtatmega328pb.o
 *(.init9)
 *(.text)
 .text          0x00001988        0x4 C:/Program Files (x86)/Atmel/Studio/7.0/Packs/atmel/ATmega_DFP/1.3.300/gcc/dev/atmega328pb/avr5/crtatmega328pb.o
                0x00001988                __vector_38
                0x00001988                __vector_22
                0x00001988                __vector_28
                0x00001988                __vector_1
                0x00001988                __vector_32
                0x00001988                __vector_34
                0x00001988                __vector_24
                0x00001988                __vector_12
                0x00001988                __bad_interrupt
                0x00001988                __vector_6
                0x00001988                __vector_31
                0x00001988                __vector_35
                0x00001988                __vector_39
                0x00001988                __vector_3
                0x00001988                __vector_23
                0x00001988                __vector_30
                0x00001988                __vector_25
                0x00001988                __vector_13
                0x00001988                __vector_17
                0x00001988                __vector_19
                0x00001988                __vector_7
                0x00001988                __vector_41
                0x00001988                __vector_43
                0x00001988                __vector_27
                0x00001988                __vector_5
                0x00001988                __vector_33
                0x00001988                __vector_37
                0x00001988                __vector_4
                0x00001988                __vector_44
                0x00001988                __vector_9
                0x00001988                __vector_2
                0x00001988                __vector_15
                0x00001988                __vector_36
                0x00001988                __vector_29
                0x00001988                __vector_40
                0x00001988                __vector_8
                0x00001988                __vector_26
                0x00001988                __vector_10
                0x00001988                __vector_16
                0x00001988                __vector_18
                0x00001988                __vector_20
                0x00001988                __vector_42
                0x0000198c                . = ALIGN (0x2)
 *(.text.*)
 .text.startConversion
                0x0000198c        0xc ADCHandler.o
                0x0000198c                startConversion
 .text.init_ADC
                0x00001998       0x30 ADCHandler.o
                0x00001998                init_ADC
 .text.startUp  0x000019c8      0x14a GuiHandler.o
                0x000019c8                startUp
 .text.mainScreenTime
                0x00001b12      0x23a GuiHandler.o
                0x00001b12                mainScreenTime
 .text.mainScreenTemp
                0x00001d4c      0x23a GuiHandler.o
                0x00001d4c                mainScreenTemp
 .text.fermentationScreen
                0x00001f86       0xe0 GuiHandler.o
                0x00001f86                fermentationScreen
 .text.LCD_putchar
                0x00002066       0x24 LCD_Ili9341.o
                0x00002066                LCD_putchar
 .text.ILI9341_InitSPI
                0x0000208a       0x18 LCD_Ili9341.o
                0x0000208a                ILI9341_InitSPI
 .text.ILI9341_SPIwrite
                0x000020a2        0xc LCD_Ili9341.o
                0x000020a2                ILI9341_SPIwrite
 .text.ILI9341_WriteCommand
                0x000020ae        0xc LCD_Ili9341.o
                0x000020ae                ILI9341_WriteCommand
 .text.ILI9341_WriteData
                0x000020ba        0xc LCD_Ili9341.o
                0x000020ba                ILI9341_WriteData
 .text.ILI9341_setRotation
                0x000020c6       0xa4 LCD_Ili9341.o
                0x000020c6                ILI9341_setRotation
 .text.ILI9341_Init
                0x0000216a       0x72 LCD_Ili9341.o
                0x0000216a                ILI9341_Init
 .text.ILI9341_setAddrWindow
                0x000021dc       0x74 LCD_Ili9341.o
                0x000021dc                ILI9341_setAddrWindow
 .text._HW_SetArea_
                0x00002250        0x6 LCD_Ili9341.o
                0x00002250                _HW_SetArea_
 .text.ILI9341_pushColor
                0x00002256       0x1a LCD_Ili9341.o
                0x00002256                ILI9341_pushColor
 .text._HW_PushPixel
                0x00002270        0x6 LCD_Ili9341.o
                0x00002270                _HW_PushPixel
 .text.ILI9341_drawPixel
                0x00002276       0x54 LCD_Ili9341.o
                0x00002276                ILI9341_drawPixel
 .text.UserPixelSetFunction
                0x000022ca        0x6 LCD_Ili9341.o
                0x000022ca                UserPixelSetFunction
 .text.ILI9341_fillRect
                0x000022d0       0xb6 LCD_Ili9341.o
                0x000022d0                ILI9341_fillRect
 .text._HW_FillFrame_
                0x00002386       0x18 LCD_Ili9341.o
                0x00002386                _HW_FillFrame_
 .text.LCD_Init
                0x0000239e       0xb6 LCD_Ili9341.o
                0x0000239e                LCD_Init
 .text.main     0x00002454       0x34 main.o
                0x00002454                main
 .text.__vector_11
                0x00002488       0x70 main.o
                0x00002488                __vector_11
 .text.__vector_21
                0x000024f8       0x58 main.o
                0x000024f8                __vector_21
 .text.init_IO  0x00002550       0x14 MMINIT.o
                0x00002550                init_IO
 .text.KBD_Read
                0x00002564       0x66 MMINIT.o
                0x00002564                KBD_Read
 .text.KBD_GetKey
                0x000025ca        0xe MMINIT.o
                0x000025ca                KBD_GetKey
 .text.__vector_14
                0x000025d8       0x54 systime.o
                0x000025d8                __vector_14
 .text.init_TH  0x0000262c       0x24 TimeHandler.o
                0x0000262c                init_TH
 .text.disable_TH
                0x00002650        0x6 TimeHandler.o
                0x00002650                disable_TH
 .text.UG_Init  0x00002656       0xa0 ugui.o
                0x00002656                UG_Init
 .text.UG_FontSelect
                0x000026f6       0x18 ugui.o
                0x000026f6                UG_FontSelect
 .text.UG_FillFrame
                0x0000270e       0xc0 ugui.o
                0x0000270e                UG_FillFrame
 .text.UG_DrawLine
                0x000027ce      0x174 ugui.o
                0x000027ce                UG_DrawLine
 .text.UG_ConsoleSetArea
                0x00002942       0x1a ugui.o
                0x00002942                UG_ConsoleSetArea
 .text.UG_ConsoleSetForecolor
                0x0000295c        0xe ugui.o
                0x0000295c                UG_ConsoleSetForecolor
 .text.UG_ConsoleSetBackcolor
                0x0000296a        0xe ugui.o
                0x0000296a                UG_ConsoleSetBackcolor
 .text.UG_SetForecolor
                0x00002978        0xe ugui.o
                0x00002978                UG_SetForecolor
 .text.UG_SetBackcolor
                0x00002986        0xe ugui.o
                0x00002986                UG_SetBackcolor
 .text._UG_PutChar
                0x00002994      0x6c4 ugui.o
                0x00002994                _UG_PutChar
 .text.UG_PutChar
                0x00003058       0x24 ugui.o
                0x00003058                UG_PutChar
 .text.UG_PutString
                0x0000307c       0xda ugui.o
                0x0000307c                UG_PutString
 .text.UG_ConsolePutString
                0x00003156       0xf8 ugui.o
                0x00003156                UG_ConsolePutString
 .text.UG_DriverRegister
                0x0000324e       0x28 ugui.o
                0x0000324e                UG_DriverRegister
 .text.UG_DriverEnable
                0x00003276       0x2e ugui.o
                0x00003276                UG_DriverEnable
 .text.libgcc   0x000032a4        0xc c:/program files (x86)/atmel/studio/7.0/toolchain/avr8/avr8-gnu-toolchain/bin/../lib/gcc/avr/5.4.0/avr5\libgcc.a(_tablejump2.o)
                0x000032a4                __tablejump2__
 .text.avr-libc
                0x000032b0       0x44 c:/program files (x86)/atmel/studio/7.0/toolchain/avr8/avr8-gnu-toolchain/bin/../lib/gcc/avr/5.4.0/../../../../avr/lib/avr5\libc.a(sprintf.o)
                0x000032b0                sprintf
 .text.avr-libc
                0x000032f4      0x3c2 c:/program files (x86)/atmel/studio/7.0/toolchain/avr8/avr8-gnu-toolchain/bin/../lib/gcc/avr/5.4.0/../../../../avr/lib/avr5\libc.a(vfprintf_std.o)
                0x000032f4                vfprintf
 .text.avr-libc
                0x000036b6       0x16 c:/program files (x86)/atmel/studio/7.0/toolchain/avr8/avr8-gnu-toolchain/bin/../lib/gcc/avr/5.4.0/../../../../avr/lib/avr5\libc.a(strnlen_P.o)
                0x000036b6                strnlen_P
 .text.avr-libc
                0x000036cc       0x16 c:/program files (x86)/atmel/studio/7.0/toolchain/avr8/avr8-gnu-toolchain/bin/../lib/gcc/avr/5.4.0/../../../../avr/lib/avr5\libc.a(strnlen.o)
                0x000036cc                strnlen
 .text.avr-libc
                0x000036e2       0x78 c:/program files (x86)/atmel/studio/7.0/toolchain/avr8/avr8-gnu-toolchain/bin/../lib/gcc/avr/5.4.0/../../../../avr/lib/avr5\libc.a(fputc.o)
                0x000036e2                fputc
 .text.avr-libc
                0x0000375a       0xbc c:/program files (x86)/atmel/studio/7.0/toolchain/avr8/avr8-gnu-toolchain/bin/../lib/gcc/avr/5.4.0/../../../../avr/lib/avr5\libc.a(ultoa_invert.o)
                0x0000375a                __ultoa_invert
 .text.libgcc.prologue
                0x00003816       0x38 c:/program files (x86)/atmel/studio/7.0/toolchain/avr8/avr8-gnu-toolchain/bin/../lib/gcc/avr/5.4.0/avr5\libgcc.a(_prologue.o)
                0x00003816                __prologue_saves__
 .text.libgcc.prologue
                0x0000384e       0x36 c:/program files (x86)/atmel/studio/7.0/toolchain/avr8/avr8-gnu-toolchain/bin/../lib/gcc/avr/5.4.0/avr5\libgcc.a(_epilogue.o)
                0x0000384e                __epilogue_restores__
                0x00003884                . = ALIGN (0x2)
 *(.fini9)
 .fini9         0x00003884        0x0 c:/program files (x86)/atmel/studio/7.0/toolchain/avr8/avr8-gnu-toolchain/bin/../lib/gcc/avr/5.4.0/avr5\libgcc.a(_exit.o)
                0x00003884                _exit
                0x00003884                exit
 *(.fini9)
 *(.fini8)
 *(.fini8)
 *(.fini7)
 *(.fini7)
 *(.fini6)
 *(.fini6)
 *(.fini5)
 *(.fini5)
 *(.fini4)
 *(.fini4)
 *(.fini3)
 *(.fini3)
 *(.fini2)
 *(.fini2)
 *(.fini1)
 *(.fini1)
 *(.fini0)
 .fini0         0x00003884        0x4 c:/program files (x86)/atmel/studio/7.0/toolchain/avr8/avr8-gnu-toolchain/bin/../lib/gcc/avr/5.4.0/avr5\libgcc.a(_exit.o)
 *(.fini0)
                0x00003888                _etext = .

.data           0x00800100       0x90 load address 0x00003888
                0x00800100                PROVIDE (__data_start, .)
 *(.data)
 *(.data*)
 .data.LCD_stream
                0x00800100        0xe LCD_Ili9341.o
                0x00800100                LCD_stream
 .data.ILI9341_height
                0x0080010e        0x2 LCD_Ili9341.o
                0x0080010e                ILI9341_height
 .data.ILI9341_width
                0x00800110        0x2 LCD_Ili9341.o
                0x00800110                ILI9341_width
 *(.gnu.linkonce.d*)
 *(.rodata)
 *(.rodata*)
 .rodata.str1.1
                0x00800112       0x63 GuiHandler.o
 .rodata.RFONT_16X26
                0x00800175        0xd ugui.o
                0x00800175                RFONT_16X26
 .rodata.RFONT_8X12
                0x00800182        0xd ugui.o
                0x00800182                RFONT_8X12
 *(.gnu.linkonce.r*)
                0x00800190                . = ALIGN (0x2)
 *fill*         0x0080018f        0x1 
                0x00800190                _edata = .
                0x00800190                PROVIDE (__data_end, .)

.bss            0x00800190       0x5b
                0x00800190                PROVIDE (__bss_start, .)
 *(.bss)
 *(.bss*)
 .bss.stara.1684
                0x00800190        0x2 MMINIT.o
 .bss.tmp       0x00800192        0x2 MMINIT.o
                0x00800192                tmp
 .bss.gui       0x00800194        0x2 ugui.o
 *(COMMON)
 COMMON         0x00800196        0x6 ADCHandler.o
                0x00800196                ADC_res
                0x00800198                days
                0x0080019a                temp
 COMMON         0x0080019c       0x44 LCD_Ili9341.o
                0x0080019c                ILI9341_rotation
                0x0080019d                gui
 COMMON         0x008001e0        0x5 systime.o
                0x008001e0                TIME_STATUS
                0x008001e1                systick
 COMMON         0x008001e5        0x6 c:/program files (x86)/atmel/studio/7.0/toolchain/avr8/avr8-gnu-toolchain/bin/../lib/gcc/avr/5.4.0/../../../../avr/lib/avr5\libc.a(iob.o)
                0x008001e5                __iob
                0x008001eb                PROVIDE (__bss_end, .)
                0x00003888                __data_load_start = LOADADDR (.data)
                0x00003918                __data_load_end = (__data_load_start + SIZEOF (.data))

.noinit         0x008001eb        0x0
                [!provide]                PROVIDE (__noinit_start, .)
 *(.noinit*)
                [!provide]                PROVIDE (__noinit_end, .)
                0x008001eb                _end = .
                [!provide]                PROVIDE (__heap_start, .)

.eeprom         0x00810000        0x0
 *(.eeprom*)
                0x00810000                __eeprom_end = .

.fuse
 *(.fuse)
 *(.lfuse)
 *(.hfuse)
 *(.efuse)

.lock
 *(.lock*)

.signature
 *(.signature*)

.user_signatures
 *(.user_signatures*)

.stab
 *(.stab)

.stabstr
 *(.stabstr)

.stab.excl
 *(.stab.excl)

.stab.exclstr
 *(.stab.exclstr)

.stab.index
 *(.stab.index)

.stab.indexstr
 *(.stab.indexstr)

.comment        0x00000000       0x5c
 *(.comment)
 .comment       0x00000000       0x30 ADCHandler.o
                                 0x31 (size before relaxing)
 .comment       0x00000030       0x31 GuiHandler.o
 .comment       0x00000030       0x31 LCD_Ili9341.o
 .comment       0x00000030       0x31 main.o
 .comment       0x00000030       0x31 MMINIT.o
 .comment       0x00000030       0x31 systime.o
 .comment       0x00000030       0x31 TimeHandler.o
 .comment       0x00000030       0x31 ugui.o
 .comment       0x00000030       0x31 c:/program files (x86)/atmel/studio/7.0/toolchain/avr8/avr8-gnu-toolchain/bin/../lib/gcc/avr/5.4.0/../../../../avr/lib/avr5\libc.a(iob.o)
 .comment       0x00000030       0x31 c:/program files (x86)/atmel/studio/7.0/toolchain/avr8/avr8-gnu-toolchain/bin/../lib/gcc/avr/5.4.0/../../../../avr/lib/avr5\libc.a(sprintf.o)
 .comment       0x00000030       0x2c c:/program files (x86)/atmel/studio/7.0/toolchain/avr8/avr8-gnu-toolchain/bin/../lib/gcc/avr/5.4.0/../../../../avr/lib/avr5\libc.a(vfprintf_std.o)
                                 0x2d (size before relaxing)
 .comment       0x0000005c       0x31 c:/program files (x86)/atmel/studio/7.0/toolchain/avr8/avr8-gnu-toolchain/bin/../lib/gcc/avr/5.4.0/../../../../avr/lib/avr5\libc.a(fputc.o)

.note.gnu.avr.deviceinfo
                0x00000000       0x40
 .note.gnu.avr.deviceinfo
                0x00000000       0x40 C:/Program Files (x86)/Atmel/Studio/7.0/Packs/atmel/ATmega_DFP/1.3.300/gcc/dev/atmega328pb/avr5/crtatmega328pb.o

.note.gnu.build-id
 *(.note.gnu.build-id)

.debug
 *(.debug)

.line
 *(.line)

.debug_srcinfo
 *(.debug_srcinfo)

.debug_sfnames
 *(.debug_sfnames)

.debug_aranges  0x00000000      0x820
 *(.debug_aranges)
 .debug_aranges
                0x00000000       0x30 ADCHandler.o
 .debug_aranges
                0x00000030       0x38 GuiHandler.o
 .debug_aranges
                0x00000068       0xc0 LCD_Ili9341.o
 .debug_aranges
                0x00000128       0x30 main.o
 .debug_aranges
                0x00000158       0xe0 MMINIT.o
 .debug_aranges
                0x00000238       0x60 systime.o
 .debug_aranges
                0x00000298       0x28 TimeHandler.o
 .debug_aranges
                0x000002c0      0x560 ugui.o

.debug_pubnames
 *(.debug_pubnames)

.debug_info     0x00000000     0xa5f6
 *(.debug_info .gnu.linkonce.wi.*)
 .debug_info    0x00000000      0x8ea C:/Program Files (x86)/Atmel/Studio/7.0/Packs/atmel/ATmega_DFP/1.3.300/gcc/dev/atmega328pb/avr5/crtatmega328pb.o
 .debug_info    0x000008ea       0xf7 ADCHandler.o
 .debug_info    0x000009e1      0xf8c GuiHandler.o
 .debug_info    0x0000196d     0x154e LCD_Ili9341.o
 .debug_info    0x00002ebb      0x294 main.o
 .debug_info    0x0000314f      0x347 MMINIT.o
 .debug_info    0x00003496      0x40f systime.o
 .debug_info    0x000038a5       0xa2 TimeHandler.o
 .debug_info    0x00003947     0x6caf ugui.o

.debug_abbrev   0x00000000     0x14d9
 *(.debug_abbrev)
 .debug_abbrev  0x00000000      0x86e C:/Program Files (x86)/Atmel/Studio/7.0/Packs/atmel/ATmega_DFP/1.3.300/gcc/dev/atmega328pb/avr5/crtatmega328pb.o
 .debug_abbrev  0x0000086e       0x83 ADCHandler.o
 .debug_abbrev  0x000008f1      0x1bc GuiHandler.o
 .debug_abbrev  0x00000aad      0x375 LCD_Ili9341.o
 .debug_abbrev  0x00000e22       0xc3 main.o
 .debug_abbrev  0x00000ee5      0x104 MMINIT.o
 .debug_abbrev  0x00000fe9      0x1c1 systime.o
 .debug_abbrev  0x000011aa       0x4f TimeHandler.o
 .debug_abbrev  0x000011f9      0x2e0 ugui.o

.debug_line     0x00000000     0x50af
 *(.debug_line .debug_line.* .debug_line_end)
 .debug_line    0x00000000      0x1a5 C:/Program Files (x86)/Atmel/Studio/7.0/Packs/atmel/ATmega_DFP/1.3.300/gcc/dev/atmega328pb/avr5/crtatmega328pb.o
 .debug_line    0x000001a5       0xf8 ADCHandler.o
 .debug_line    0x0000029d      0x40b GuiHandler.o
 .debug_line    0x000006a8      0x6f9 LCD_Ili9341.o
 .debug_line    0x00000da1      0x163 main.o
 .debug_line    0x00000f04      0x34c MMINIT.o
 .debug_line    0x00001250      0x34e systime.o
 .debug_line    0x0000159e       0xd6 TimeHandler.o
 .debug_line    0x00001674     0x3a3b ugui.o

.debug_frame    0x00000000     0x1bdc
 *(.debug_frame)
 .debug_frame   0x00000000       0x44 ADCHandler.o
 .debug_frame   0x00000044       0xec GuiHandler.o
 .debug_frame   0x00000130      0x238 LCD_Ili9341.o
 .debug_frame   0x00000368       0xd4 main.o
 .debug_frame   0x0000043c      0x1a4 MMINIT.o
 .debug_frame   0x000005e0      0x164 systime.o
 .debug_frame   0x00000744       0x34 TimeHandler.o
 .debug_frame   0x00000778     0x1464 ugui.o

.debug_str      0x00000000     0x1a32
 *(.debug_str)
 .debug_str     0x00000000      0x318 C:/Program Files (x86)/Atmel/Studio/7.0/Packs/atmel/ATmega_DFP/1.3.300/gcc/dev/atmega328pb/avr5/crtatmega328pb.o
 .debug_str     0x00000318      0x1bb ADCHandler.o
                                0x1ef (size before relaxing)
 .debug_str     0x000004d3      0x1a5 GuiHandler.o
                                0x375 (size before relaxing)
 .debug_str     0x00000678      0x3cb LCD_Ili9341.o
                                0x6d0 (size before relaxing)
 .debug_str     0x00000a43       0x44 main.o
                                0x258 (size before relaxing)
 .debug_str     0x00000a87      0x101 MMINIT.o
                                0x2de (size before relaxing)
 .debug_str     0x00000b88       0xf6 systime.o
                                0x2ac (size before relaxing)
 .debug_str     0x00000c7e       0x13 TimeHandler.o
                                0x1cb (size before relaxing)
 .debug_str     0x00000c91      0xda1 ugui.o
                               0x1284 (size before relaxing)

.debug_loc      0x00000000     0xc764
 *(.debug_loc)
 .debug_loc     0x00000000      0x340 GuiHandler.o
 .debug_loc     0x00000340      0xc3d LCD_Ili9341.o
 .debug_loc     0x00000f7d      0x196 main.o
 .debug_loc     0x00001113       0xc7 MMINIT.o
 .debug_loc     0x000011da      0x540 systime.o
 .debug_loc     0x0000171a     0xb04a ugui.o

.debug_macinfo
 *(.debug_macinfo)

.debug_weaknames
 *(.debug_weaknames)

.debug_funcnames
 *(.debug_funcnames)

.debug_typenames
 *(.debug_typenames)

.debug_varnames
 *(.debug_varnames)

.debug_pubtypes
 *(.debug_pubtypes)

.debug_ranges   0x00000000      0x7a0
 *(.debug_ranges)
 .debug_ranges  0x00000000       0x20 ADCHandler.o
 .debug_ranges  0x00000020       0x28 GuiHandler.o
 .debug_ranges  0x00000048       0xb0 LCD_Ili9341.o
 .debug_ranges  0x000000f8       0x20 main.o
 .debug_ranges  0x00000118       0xd0 MMINIT.o
 .debug_ranges  0x000001e8       0x50 systime.o
 .debug_ranges  0x00000238       0x18 TimeHandler.o
 .debug_ranges  0x00000250      0x550 ugui.o

.debug_macro
 *(.debug_macro)
OUTPUT(MegaforceFermentationChamber.elf elf32-avr)
LOAD linker stubs
